Archive member included to satisfy reference by file (symbol)

E:/STM32CubeIDE_1.17.0/STM32CubeIDE/plugins/com.st.stm32cube.ide.mcu.externaltools.gnu-tools-for-stm32.12.3.rel1.win32_1.1.0.202410251130/tools/bin/../lib/gcc/arm-none-eabi/12.3.1/../../../../arm-none-eabi/lib/thumb/v7e-m+fp/hard\libc_nano.a(libc_a-exit.o)
                              E:/STM32CubeIDE_1.17.0/STM32CubeIDE/plugins/com.st.stm32cube.ide.mcu.externaltools.gnu-tools-for-stm32.12.3.rel1.win32_1.1.0.202410251130/tools/bin/../lib/gcc/arm-none-eabi/12.3.1/../../../../arm-none-eabi/lib/thumb/v7e-m+fp/hard/crt0.o (exit)
E:/STM32CubeIDE_1.17.0/STM32CubeIDE/plugins/com.st.stm32cube.ide.mcu.externaltools.gnu-tools-for-stm32.12.3.rel1.win32_1.1.0.202410251130/tools/bin/../lib/gcc/arm-none-eabi/12.3.1/../../../../arm-none-eabi/lib/thumb/v7e-m+fp/hard\libc_nano.a(libc_a-findfp.o)
                              E:/STM32CubeIDE_1.17.0/STM32CubeIDE/plugins/com.st.stm32cube.ide.mcu.externaltools.gnu-tools-for-stm32.12.3.rel1.win32_1.1.0.202410251130/tools/bin/../lib/gcc/arm-none-eabi/12.3.1/../../../../arm-none-eabi/lib/thumb/v7e-m+fp/hard\libc_nano.a(libc_a-exit.o) (__stdio_exit_handler)
E:/STM32CubeIDE_1.17.0/STM32CubeIDE/plugins/com.st.stm32cube.ide.mcu.externaltools.gnu-tools-for-stm32.12.3.rel1.win32_1.1.0.202410251130/tools/bin/../lib/gcc/arm-none-eabi/12.3.1/../../../../arm-none-eabi/lib/thumb/v7e-m+fp/hard\libc_nano.a(libc_a-fwalk.o)
                              E:/STM32CubeIDE_1.17.0/STM32CubeIDE/plugins/com.st.stm32cube.ide.mcu.externaltools.gnu-tools-for-stm32.12.3.rel1.win32_1.1.0.202410251130/tools/bin/../lib/gcc/arm-none-eabi/12.3.1/../../../../arm-none-eabi/lib/thumb/v7e-m+fp/hard\libc_nano.a(libc_a-findfp.o) (_fwalk_sglue)
E:/STM32CubeIDE_1.17.0/STM32CubeIDE/plugins/com.st.stm32cube.ide.mcu.externaltools.gnu-tools-for-stm32.12.3.rel1.win32_1.1.0.202410251130/tools/bin/../lib/gcc/arm-none-eabi/12.3.1/../../../../arm-none-eabi/lib/thumb/v7e-m+fp/hard\libc_nano.a(libc_a-stdio.o)
                              E:/STM32CubeIDE_1.17.0/STM32CubeIDE/plugins/com.st.stm32cube.ide.mcu.externaltools.gnu-tools-for-stm32.12.3.rel1.win32_1.1.0.202410251130/tools/bin/../lib/gcc/arm-none-eabi/12.3.1/../../../../arm-none-eabi/lib/thumb/v7e-m+fp/hard\libc_nano.a(libc_a-findfp.o) (__sread)
E:/STM32CubeIDE_1.17.0/STM32CubeIDE/plugins/com.st.stm32cube.ide.mcu.externaltools.gnu-tools-for-stm32.12.3.rel1.win32_1.1.0.202410251130/tools/bin/../lib/gcc/arm-none-eabi/12.3.1/../../../../arm-none-eabi/lib/thumb/v7e-m+fp/hard\libc_nano.a(libc_a-memset.o)
                              E:/STM32CubeIDE_1.17.0/STM32CubeIDE/plugins/com.st.stm32cube.ide.mcu.externaltools.gnu-tools-for-stm32.12.3.rel1.win32_1.1.0.202410251130/tools/bin/../lib/gcc/arm-none-eabi/12.3.1/../../../../arm-none-eabi/lib/thumb/v7e-m+fp/hard/crt0.o (memset)
E:/STM32CubeIDE_1.17.0/STM32CubeIDE/plugins/com.st.stm32cube.ide.mcu.externaltools.gnu-tools-for-stm32.12.3.rel1.win32_1.1.0.202410251130/tools/bin/../lib/gcc/arm-none-eabi/12.3.1/../../../../arm-none-eabi/lib/thumb/v7e-m+fp/hard\libc_nano.a(libc_a-closer.o)
                              E:/STM32CubeIDE_1.17.0/STM32CubeIDE/plugins/com.st.stm32cube.ide.mcu.externaltools.gnu-tools-for-stm32.12.3.rel1.win32_1.1.0.202410251130/tools/bin/../lib/gcc/arm-none-eabi/12.3.1/../../../../arm-none-eabi/lib/thumb/v7e-m+fp/hard\libc_nano.a(libc_a-stdio.o) (_close_r)
E:/STM32CubeIDE_1.17.0/STM32CubeIDE/plugins/com.st.stm32cube.ide.mcu.externaltools.gnu-tools-for-stm32.12.3.rel1.win32_1.1.0.202410251130/tools/bin/../lib/gcc/arm-none-eabi/12.3.1/../../../../arm-none-eabi/lib/thumb/v7e-m+fp/hard\libc_nano.a(libc_a-reent.o)
                              E:/STM32CubeIDE_1.17.0/STM32CubeIDE/plugins/com.st.stm32cube.ide.mcu.externaltools.gnu-tools-for-stm32.12.3.rel1.win32_1.1.0.202410251130/tools/bin/../lib/gcc/arm-none-eabi/12.3.1/../../../../arm-none-eabi/lib/thumb/v7e-m+fp/hard\libc_nano.a(libc_a-closer.o) (errno)
E:/STM32CubeIDE_1.17.0/STM32CubeIDE/plugins/com.st.stm32cube.ide.mcu.externaltools.gnu-tools-for-stm32.12.3.rel1.win32_1.1.0.202410251130/tools/bin/../lib/gcc/arm-none-eabi/12.3.1/../../../../arm-none-eabi/lib/thumb/v7e-m+fp/hard\libc_nano.a(libc_a-impure.o)
                              E:/STM32CubeIDE_1.17.0/STM32CubeIDE/plugins/com.st.stm32cube.ide.mcu.externaltools.gnu-tools-for-stm32.12.3.rel1.win32_1.1.0.202410251130/tools/bin/../lib/gcc/arm-none-eabi/12.3.1/../../../../arm-none-eabi/lib/thumb/v7e-m+fp/hard\libc_nano.a(libc_a-reent.o) (_impure_ptr)
E:/STM32CubeIDE_1.17.0/STM32CubeIDE/plugins/com.st.stm32cube.ide.mcu.externaltools.gnu-tools-for-stm32.12.3.rel1.win32_1.1.0.202410251130/tools/bin/../lib/gcc/arm-none-eabi/12.3.1/../../../../arm-none-eabi/lib/thumb/v7e-m+fp/hard\libc_nano.a(libc_a-lseekr.o)
[...]
Memory Configuration

Name             Origin             Length             Attributes
RAM              0x20000000         0x00020000         xrw
FLASH            0x08000000         0x00080000         xr
*default*        0x00000000         0xffffffff

Linker script and memory map

LOAD E:/STM32CubeIDE_1.17.0/STM32CubeIDE/plugins/com.st.stm32cube.ide.mcu.externaltools.gnu-tools-for-stm32.12.3.rel1.win32_1.1.0.202410251130/tools/bin/../lib/gcc/arm-none-eabi/12.3.1/thumb/v7e-m+fp/hard/crti.o
LOAD E:/STM32CubeIDE_1.17.0/STM32CubeIDE/plugins/com.st.stm32cube.ide.mcu.externaltools.gnu-tools-for-stm32.12.3.rel1.win32_1.1.0.202410251130/tools/bin/../lib/gcc/arm-none-eabi/12.3.1/thumb/v7e-m+fp/hard/crtbegin.o
LOAD E:/STM32CubeIDE_1.17.0/STM32CubeIDE/plugins/com.st.stm32cube.ide.mcu.externaltools.gnu-tools-for-stm32.12.3.rel1.win32_1.1.0.202410251130/tools/bin/../lib/gcc/arm-none-eabi/12.3.1/../../../../arm-none-eabi/lib/thumb/v7e-m+fp/hard/crt0.o
LOAD ./Src/RTOS/context.o
LOAD ./Src/RTOS/context_switch_logic.o
LOAD ./Src/RTOS/os_manager.o
LOAD ./Src/RTOS/scheduler.o
LOAD ./Src/RTOS/supervisor_call.o
LOAD ./Src/RTOS/sys_timer.o
LOAD ./Src/main.o
LOAD ./Src/syscalls.o
LOAD ./Src/sysmem.o
LOAD ./Src/system_stm32f4xx.o
LOAD ./Startup/startup_stm32f411ceux.o
START GROUP
LOAD E:/STM32CubeIDE_1.17.0/STM32CubeIDE/plugins/com.st.stm32cube.ide.mcu.externaltools.gnu-tools-for-stm32.12.3.rel1.win32_1.1.0.202410251130/tools/bin/../lib/gcc/arm-none-eabi/12.3.1/../../../../arm-none-eabi/lib/thumb/v7e-m+fp/hard\libc_nano.a
LOAD E:/STM32CubeIDE_1.17.0/STM32CubeIDE/plugins/com.st.stm32cube.ide.mcu.externaltools.gnu-tools-for-stm32.12.3.rel1.win32_1.1.0.202410251130/tools/bin/../lib/gcc/arm-none-eabi/12.3.1/../../../../arm-none-eabi/lib/thumb/v7e-m+fp/hard\libm.a
END GROUP
START GROUP
LOAD E:/STM32CubeIDE_1.17.0/STM32CubeIDE/plugins/com.st.stm32cube.ide.mcu.externaltools.gnu-tools-for-stm32.12.3.rel1.win32_1.1.0.202410251130/tools/bin/../lib/gcc/arm-none-eabi/12.3.1/thumb/v7e-m+fp/hard\libgcc.a
LOAD E:/STM32CubeIDE_1.17.0/STM32CubeIDE/plugins/com.st.stm32cube.ide.mcu.externaltools.gnu-tools-for-stm32.12.3.rel1.win32_1.1.0.202410251130/tools/bin/../lib/gcc/arm-none-eabi/12.3.1/../../../../arm-none-eabi/lib/thumb/v7e-m+fp/hard\libc_nano.a
END GROUP
START GROUP
LOAD E:/STM32CubeIDE_1.17.0/STM32CubeIDE/plugins/com.st.stm32cube.ide.mcu.externaltools.gnu-tools-for-stm32.12.3.rel1.win32_1.1.0.202410251130/tools/bin/../lib/gcc/arm-none-eabi/12.3.1/thumb/v7e-m+fp/hard\libgcc.a
LOAD E:/STM32CubeIDE_1.17.0/STM32CubeIDE/plugins/com.st.stm32cube.ide.mcu.externaltools.gnu-tools-for-stm32.12.3.rel1.win32_1.1.0.202410251130/tools/bin/../lib/gcc/arm-none-eabi/12.3.1/../../../../arm-none-eabi/lib/thumb/v7e-m+fp/hard\libc_nano.a
LOAD E:/STM32CubeIDE_1.17.0/STM32CubeIDE/plugins/com.st.stm32cube.ide.mcu.externaltools.gnu-tools-for-stm32.12.3.rel1.win32_1.1.0.202410251130/tools/bin/../lib/gcc/arm-none-eabi/12.3.1/../../../../arm-none-eabi/lib/thumb/v7e-m+fp/hard\libnosys.a
END GROUP
START GROUP
LOAD E:/STM32CubeIDE_1.17.0/STM32CubeIDE/plugins/com.st.stm32cube.ide.mcu.externaltools.gnu-tools-for-stm32.12.3.rel1.win32_1.1.0.202410251130/tools/bin/../lib/gcc/arm-none-eabi/12.3.1/thumb/v7e-m+fp/hard\libgcc.a
LOAD E:/STM32CubeIDE_1.17.0/STM32CubeIDE/plugins/com.st.stm32cube.ide.mcu.externaltools.gnu-tools-for-stm32.12.3.rel1.win32_1.1.0.202410251130/tools/bin/../lib/gcc/arm-none-eabi/12.3.1/../../../../arm-none-eabi/lib/thumb/v7e-m+fp/hard\libc_nano.a
LOAD E:/STM32CubeIDE_1.17.0/STM32CubeIDE/plugins/com.st.stm32cube.ide.mcu.externaltools.gnu-tools-for-stm32.12.3.rel1.win32_1.1.0.202410251130/tools/bin/../lib/gcc/arm-none-eabi/12.3.1/../../../../arm-none-eabi/lib/thumb/v7e-m+fp/hard\libnosys.a
END GROUP
LOAD E:/STM32CubeIDE_1.17.0/STM32CubeIDE/plugins/com.st.stm32cube.ide.mcu.externaltools.gnu-tools-for-stm32.12.3.rel1.win32_1.1.0.202410251130/tools/bin/../lib/gcc/arm-none-eabi/12.3.1/thumb/v7e-m+fp/hard/crtend.o
LOAD E:/STM32CubeIDE_1.17.0/STM32CubeIDE/plugins/com.st.stm32cube.ide.mcu.externaltools.gnu-tools-for-stm32.12.3.rel1.win32_1.1.0.202410251130/tools/bin/../lib/gcc/arm-none-eabi/12.3.1/thumb/v7e-m+fp/hard/crtn.o
                0x20020000                        _estack = (ORIGIN (RAM) + LENGTH (RAM))
                0x00000200                        _Min_Heap_Size = 0x200
                0x00000400                        _Min_Stack_Size = 0x400

.isr_vector     0x08000000      0x198
                0x08000000                        . = ALIGN (0x4)
 *(.isr_vector)
 .isr_vector    0x08000000      0x198 ./Startup/startup_stm32f411ceux.o
                0x08000000                g_pfnVectors
                0x08000198                        . = ALIGN (0x4)

.text           0x08000198      0x858
                0x08000198                        . = ALIGN (0x4)
 *(.text)
 .text          0x08000198       0x40 E:/STM32CubeIDE_1.17.0/STM32CubeIDE/plugins/com.st.stm32cube.ide.mcu.externaltools.gnu-tools-for-stm32.12.3.rel1.win32_1.1.0.202410251130/tools/bin/../lib/gcc/arm-none-eabi/12.3.1/thumb/v7e-m+fp/hard/crtbegin.o
 .text          0x080001d8       0x24 ./Src/RTOS/scheduler.o
                0x080001d8                PendSV_Handler
                0x080001ec                OS_Load_Context
 .text          0x080001fc        0xa ./Src/RTOS/supervisor_call.o
                0x080001fc                SVC_Handler
 *(.text*)
 *fill*         0x08000206        0x2 
 .text.OS_SwitchLogic
                0x08000208       0x5c ./Src/RTOS/context_switch_logic.o
                0x08000208                OS_SwitchLogic
 .text.__NVIC_SetPriority
                0x08000264       0x54 ./Src/RTOS/os_manager.o
 .text.OS_ENTER_CRITICAL
                0x080002b8       0x22 ./Src/RTOS/os_manager.o
 .text.OS_EXIT_CRITICAL
                0x080002da       0x24 ./Src/RTOS/os_manager.o
 *fill*         0x080002fe        0x2 
 .text._context_initialization
                0x08000300       0x88 ./Src/RTOS/os_manager.o
 .text._add_to_ready_list
                0x08000388       0x84 ./Src/RTOS/os_manager.o
 .text._remove_from_ready_list
                0x0800040c       0x90 ./Src/RTOS/os_manager.o
 .text._get_free_TCB
                0x0800049c       0x54 ./Src/RTOS/os_manager.o
 .text._add_free_TCB
                0x080004f0       0x38 ./Src/RTOS/os_manager.o
 .text._stack_init
                0x08000528       0xea ./Src/RTOS/os_manager.o
 .text._idle_task
                0x08000612        0x8 ./Src/RTOS/os_manager.o
                0x08000612                _idle_task
 *fill*         0x0800061a        0x2 
 .text.OS_Initialization
                0x0800061c       0x58 ./Src/RTOS/os_manager.o
                0x0800061c                OS_Initialization
 .text.OS_CreateTaskStatic
                0x08000674       0x84 ./Src/RTOS/os_manager.o
                0x08000674                OS_CreateTaskStatic
 .text.OS_DeleteTask
                0x080006f8       0x64 ./Src/RTOS/os_manager.o
                0x080006f8                OS_DeleteTask
 .text.Sys_SysTick_Initialization
                0x0800075c       0x28 ./Src/RTOS/sys_timer.o
                0x0800075c                Sys_SysTick_Initialization
 .text.SysTick_Handler
                0x08000784       0x24 ./Src/RTOS/sys_timer.o
                0x08000784                SysTick_Handler
 .text.Task1    0x080007a8       0x30 ./Src/main.o
                0x080007a8                Task1
 .text.Task2    0x080007d8       0x30 ./Src/main.o
                0x080007d8                Task2
 .text.GPIO_Config
                0x08000808       0x6c ./Src/main.o
                0x08000808                GPIO_Config
 .text.main     0x08000874       0x94 ./Src/main.o
                0x08000874                main
 .text.SystemInit
                0x08000908       0x24 ./Src/system_stm32f4xx.o
                0x08000908                SystemInit
 .text.Reset_Handler
                0x0800092c       0x50 ./Startup/startup_stm32f411ceux.o
                0x0800092c                Reset_Handler
 .text.Default_Handler
                0x0800097c        0x2 ./Startup/startup_stm32f411ceux.o
                0x0800097c                RTC_Alarm_IRQHandler
                0x0800097c                EXTI2_IRQHandler
                0x0800097c                DebugMon_Handler
                0x0800097c                SPI4_IRQHandler
                0x0800097c                TIM1_CC_IRQHandler
                0x0800097c                DMA2_Stream5_IRQHandler
                0x0800097c                HardFault_Handler
                0x0800097c                DMA1_Stream5_IRQHandler
                0x0800097c                PVD_IRQHandler
                0x0800097c                SDIO_IRQHandler
                0x0800097c                TAMP_STAMP_IRQHandler
                0x0800097c                NMI_Handler
                0x0800097c                EXTI3_IRQHandler
                0x0800097c                TIM1_UP_TIM10_IRQHandler
                0x0800097c                I2C3_ER_IRQHandler
                0x0800097c                EXTI0_IRQHandler
                0x0800097c                I2C2_EV_IRQHandler
                0x0800097c                DMA1_Stream2_IRQHandler
                0x0800097c                UsageFault_Handler
                0x0800097c                DMA2_Stream2_IRQHandler
                0x0800097c                SPI1_IRQHandler
                0x0800097c                TIM1_BRK_TIM9_IRQHandler
                0x0800097c                DMA2_Stream3_IRQHandler
                0x0800097c                USART6_IRQHandler
                0x0800097c                DMA2_Stream0_IRQHandler
                0x0800097c                TIM4_IRQHandler
                0x0800097c                I2C1_EV_IRQHandler
                0x0800097c                DMA1_Stream6_IRQHandler
                0x0800097c                DMA1_Stream1_IRQHandler
                0x0800097c                TIM3_IRQHandler
                0x0800097c                RCC_IRQHandler
                0x0800097c                Default_Handler
                0x0800097c                EXTI15_10_IRQHandler
                0x0800097c                ADC_IRQHandler
                0x0800097c                DMA1_Stream7_IRQHandler
                0x0800097c                SPI5_IRQHandler
                0x0800097c                TIM5_IRQHandler
                0x0800097c                DMA2_Stream7_IRQHandler
                0x0800097c                I2C3_EV_IRQHandler
                0x0800097c                EXTI9_5_IRQHandler
                0x0800097c                RTC_WKUP_IRQHandler
                0x0800097c                SPI2_IRQHandler
                0x0800097c                MemManage_Handler
                0x0800097c                DMA1_Stream0_IRQHandler
                0x0800097c                EXTI4_IRQHandler
                0x0800097c                WWDG_IRQHandler
                0x0800097c                TIM2_IRQHandler
                0x0800097c                OTG_FS_WKUP_IRQHandler
                0x0800097c                TIM1_TRG_COM_TIM11_IRQHandler
                0x0800097c                EXTI1_IRQHandler
                0x0800097c                USART2_IRQHandler
                0x0800097c                I2C2_ER_IRQHandler
                0x0800097c                DMA2_Stream1_IRQHandler
                0x0800097c                FLASH_IRQHandler
                0x0800097c                DMA2_Stream4_IRQHandler
                0x0800097c                BusFault_Handler
                0x0800097c                USART1_IRQHandler
                0x0800097c                OTG_FS_IRQHandler
                0x0800097c                SPI3_IRQHandler
                0x0800097c                DMA1_Stream4_IRQHandler
                0x0800097c                I2C1_ER_IRQHandler
                0x0800097c                DMA2_Stream6_IRQHandler
                0x0800097c                DMA1_Stream3_IRQHandler
 .text.memset   0x0800097e       0x10 E:/STM32CubeIDE_1.17.0/STM32CubeIDE/plugins/com.st.stm32cube.ide.mcu.externaltools.gnu-tools-for-stm32.12.3.rel1.win32_1.1.0.202410251130/tools/bin/../lib/gcc/arm-none-eabi/12.3.1/../../../../arm-none-eabi/lib/thumb/v7e-m+fp/hard\libc_nano.a(libc_a-memset.o)
                0x0800097e                memset
 *fill*         0x0800098e        0x2 
 .text.__libc_init_array
                0x08000990       0x48 E:/STM32CubeIDE_1.17.0/STM32CubeIDE/plugins/com.st.stm32cube.ide.mcu.externaltools.gnu-tools-for-stm32.12.3.rel1.win32_1.1.0.202410251130/tools/bin/../lib/gcc/arm-none-eabi/12.3.1/../../../../arm-none-eabi/lib/thumb/v7e-m+fp/hard\libc_nano.a(libc_a-init.o)
                0x08000990                __libc_init_array
 *(.glue_7)
 .glue_7        0x080009d8        0x0 linker stubs
 *(.glue_7t)
 .glue_7t       0x080009d8        0x0 linker stubs
 *(.eh_frame)
 .eh_frame      0x080009d8        0x0 E:/STM32CubeIDE_1.17.0/STM32CubeIDE/plugins/com.st.stm32cube.ide.mcu.externaltools.gnu-tools-for-stm32.12.3.rel1.win32_1.1.0.202410251130/tools/bin/../lib/gcc/arm-none-eabi/12.3.1/thumb/v7e-m+fp/hard/crtbegin.o
 *(.init)
 .init          0x080009d8        0x4 E:/STM32CubeIDE_1.17.0/STM32CubeIDE/plugins/com.st.stm32cube.ide.mcu.externaltools.gnu-tools-for-stm32.12.3.rel1.win32_1.1.0.202410251130/tools/bin/../lib/gcc/arm-none-eabi/12.3.1/thumb/v7e-m+fp/hard/crti.o
                0x080009d8                _init
 .init          0x080009dc        0x8 E:/STM32CubeIDE_1.17.0/STM32CubeIDE/plugins/com.st.stm32cube.ide.mcu.externaltools.gnu-tools-for-stm32.12.3.rel1.win32_1.1.0.202410251130/tools/bin/../lib/gcc/arm-none-eabi/12.3.1/thumb/v7e-m+fp/hard/crtn.o
 *(.fini)
 .fini          0x080009e4        0x4 E:/STM32CubeIDE_1.17.0/STM32CubeIDE/plugins/com.st.stm32cube.ide.mcu.externaltools.gnu-tools-for-stm32.12.3.rel1.win32_1.1.0.202410251130/tools/bin/../lib/gcc/arm-none-eabi/12.3.1/thumb/v7e-m+fp/hard/crti.o
                0x080009e4                _fini
 .fini          0x080009e8        0x8 E:/STM32CubeIDE_1.17.0/STM32CubeIDE/plugins/com.st.stm32cube.ide.mcu.externaltools.gnu-tools-for-stm32.12.3.rel1.win32_1.1.0.202410251130/tools/bin/../lib/gcc/arm-none-eabi/12.3.1/thumb/v7e-m+fp/hard/crtn.o
                0x080009f0                        . = ALIGN (0x4)
                0x080009f0                        _etext = .

.vfp11_veneer   0x080009f0        0x0
 .vfp11_veneer  0x080009f0        0x0 linker stubs

.v4_bx          0x080009f0        0x0
 .v4_bx         0x080009f0        0x0 linker stubs

.iplt           0x080009f0        0x0
 .iplt          0x080009f0        0x0 E:/STM32CubeIDE_1.17.0/STM32CubeIDE/plugins/com.st.stm32cube.ide.mcu.externaltools.gnu-tools-for-stm32.12.3.rel1.win32_1.1.0.202410251130/tools/bin/../lib/gcc/arm-none-eabi/12.3.1/thumb/v7e-m+fp/hard/crtbegin.o

.rodata         0x080009f0        0x0
                0x080009f0                        . = ALIGN (0x4)
 *(.rodata)
 *(.rodata*)
                0x080009f0                        . = ALIGN (0x4)

.ARM.extab      0x080009f0        0x0
                0x080009f0                        . = ALIGN (0x4)
 *(.ARM.extab* .gnu.linkonce.armextab.*)
                0x080009f0                        . = ALIGN (0x4)

.ARM            0x080009f0        0x0
                0x080009f0                        . = ALIGN (0x4)
                0x080009f0                        __exidx_start = .
 *(.ARM.exidx*)
                0x080009f0                        __exidx_end = .
                0x080009f0                        . = ALIGN (0x4)

.preinit_array  0x080009f0        0x0
                0x080009f0                        . = ALIGN (0x4)
                0x080009f0                        PROVIDE (__preinit_array_start = .)
 *(.preinit_array*)
                0x080009f0                        PROVIDE (__preinit_array_end = .)
                0x080009f0                        . = ALIGN (0x4)

.init_array     0x080009f0        0x4
                0x080009f0                        . = ALIGN (0x4)
                0x080009f0                        PROVIDE (__init_array_start = .)
 *(SORT_BY_NAME(.init_array.*))
 *(.init_array*)
 .init_array    0x080009f0        0x4 E:/STM32CubeIDE_1.17.0/STM32CubeIDE/plugins/com.st.stm32cube.ide.mcu.externaltools.gnu-tools-for-stm32.12.3.rel1.win32_1.1.0.202410251130/tools/bin/../lib/gcc/arm-none-eabi/12.3.1/thumb/v7e-m+fp/hard/crtbegin.o
                0x080009f4                        PROVIDE (__init_array_end = .)
                0x080009f4                        . = ALIGN (0x4)

.fini_array     0x080009f4        0x4
                0x080009f4                        . = ALIGN (0x4)
                [!provide]                        PROVIDE (__fini_array_start = .)
 *(SORT_BY_NAME(.fini_array.*))
 *(.fini_array*)
 .fini_array    0x080009f4        0x4 E:/STM32CubeIDE_1.17.0/STM32CubeIDE/plugins/com.st.stm32cube.ide.mcu.externaltools.gnu-tools-for-stm32.12.3.rel1.win32_1.1.0.202410251130/tools/bin/../lib/gcc/arm-none-eabi/12.3.1/thumb/v7e-m+fp/hard/crtbegin.o
                [!provide]                        PROVIDE (__fini_array_end = .)
                0x080009f8                        . = ALIGN (0x4)
                0x080009f8                        _sidata = LOADADDR (.data)

.rel.dyn        0x080009f8        0x0
 .rel.iplt      0x080009f8        0x0 E:/STM32CubeIDE_1.17.0/STM32CubeIDE/plugins/com.st.stm32cube.ide.mcu.externaltools.gnu-tools-for-stm32.12.3.rel1.win32_1.1.0.202410251130/tools/bin/../lib/gcc/arm-none-eabi/12.3.1/thumb/v7e-m+fp/hard/crtbegin.o

.data           0x20000000       0x30 load address 0x080009f8
                0x20000000                        . = ALIGN (0x4)
                0x20000000                        _sdata = .
 *(.data)
 *(.data*)
 .data._idle_stack_handle_sys_descriptor
                0x20000000        0xc ./Src/RTOS/os_manager.o
 .data._idle_stack_handle
                0x2000000c        0x4 ./Src/RTOS/os_manager.o
                0x2000000c                _idle_stack_handle
 .data.stack1_handle_sys_descriptor
                0x20000010        0xc ./Src/main.o
 .data.stack1_handle
                0x2000001c        0x4 ./Src/main.o
                0x2000001c                stack1_handle
 .data.stack2_handle_sys_descriptor
                0x20000020        0xc ./Src/main.o
 .data.stack2_handle
                0x2000002c        0x4 ./Src/main.o
                0x2000002c                stack2_handle
 *(.RamFunc)
 *(.RamFunc*)
                0x20000030                        . = ALIGN (0x4)
                0x20000030                        _edata = .

.igot.plt       0x20000030        0x0 load address 0x08000a28
 .igot.plt      0x20000030        0x0 E:/STM32CubeIDE_1.17.0/STM32CubeIDE/plugins/com.st.stm32cube.ide.mcu.externaltools.gnu-tools-for-stm32.12.3.rel1.win32_1.1.0.202410251130/tools/bin/../lib/gcc/arm-none-eabi/12.3.1/thumb/v7e-m+fp/hard/crtbegin.o
                0x20000030                        . = ALIGN (0x4)

.bss            0x20000080      0x300 load address 0x08000a28
                0x20000080                        _sbss = .
                0x20000080                        __bss_start__ = _sbss
 *(.bss)
 .bss           0x20000080       0x1c E:/STM32CubeIDE_1.17.0/STM32CubeIDE/plugins/com.st.stm32cube.ide.mcu.externaltools.gnu-tools-for-stm32.12.3.rel1.win32_1.1.0.202410251130/tools/bin/../lib/gcc/arm-none-eabi/12.3.1/thumb/v7e-m+fp/hard/crtbegin.o
 *(.bss*)
 .bss.os_context
                0x2000009c       0xf0 ./Src/RTOS/context.o
                0x2000009c                os_context
 *fill*         0x2000018c       0x74 
 .bss._idle_stack_handle_sys_stack
                0x20000200       0x80 ./Src/RTOS/os_manager.o
 .bss.stack1_handle_sys_stack
                0x20000280       0x80 ./Src/main.o
 .bss.stack2_handle_sys_stack
                0x20000300       0x80 ./Src/main.o
 *(COMMON)
                0x20000380                        . = ALIGN (0x4)
                0x20000380                        _ebss = .
                0x20000380                        __bss_end__ = _ebss

._user_heap_stack
                0x20000380      0x600 load address 0x08000a28
                0x20000380                        . = ALIGN (0x8)
                [!provide]                        PROVIDE (end = .)
                0x20000380                        PROVIDE (_end = .)
                0x20000580                        . = (. + _Min_Heap_Size)
 *fill*         0x20000380      0x200 
                0x20000980                        . = (. + _Min_Stack_Size)
 *fill*         0x20000580      0x400 
                0x20000980                        . = ALIGN (0x8)

/DISCARD/
 libc.a(*)
 libm.a(*)
 libgcc.a(*)

.ARM.attributes
                0x00000000       0x30
 *(.ARM.attributes)
 .ARM.attributes
                0x00000000       0x22 E:/STM32CubeIDE_1.17.0/STM32CubeIDE/plugins/com.st.stm32cube.ide.mcu.externaltools.gnu-tools-for-stm32.12.3.rel1.win32_1.1.0.202410251130/tools/bin/../lib/gcc/arm-none-eabi/12.3.1/thumb/v7e-m+fp/hard/crti.o
 .ARM.attributes
                0x00000022       0x34 E:/STM32CubeIDE_1.17.0/STM32CubeIDE/plugins/com.st.stm32cube.ide.mcu.externaltools.gnu-tools-for-stm32.12.3.rel1.win32_1.1.0.202410251130/tools/bin/../lib/gcc/arm-none-eabi/12.3.1/thumb/v7e-m+fp/hard/crtbegin.o
 .ARM.attributes
                0x00000056       0x34 ./Src/RTOS/context.o
 .ARM.attributes
                0x0000008a       0x34 ./Src/RTOS/context_switch_logic.o
 .ARM.attributes
                0x000000be       0x34 ./Src/RTOS/os_manager.o
 .ARM.attributes
                0x000000f2       0x20 ./Src/RTOS/scheduler.o
 .ARM.attributes
                0x00000112       0x20 ./Src/RTOS/supervisor_call.o
 .ARM.attributes
                0x00000132       0x34 ./Src/RTOS/sys_timer.o
 .ARM.attributes
                0x00000166       0x34 ./Src/main.o
 .ARM.attributes
                0x0000019a       0x34 ./Src/system_stm32f4xx.o
 .ARM.attributes
                0x000001ce       0x21 ./Startup/startup_stm32f411ceux.o
 .ARM.attributes
                0x000001ef       0x34 E:/STM32CubeIDE_1.17.0/STM32CubeIDE/plugins/com.st.stm32cube.ide.mcu.externaltools.gnu-tools-for-stm32.12.3.rel1.win32_1.1.0.202410251130/tools/bin/../lib/gcc/arm-none-eabi/12.3.1/../../../../arm-none-eabi/lib/thumb/v7e-m+fp/hard\libc_nano.a(libc_a-memset.o)
 .ARM.attributes
                0x00000223       0x34 E:/STM32CubeIDE_1.17.0/STM32CubeIDE/plugins/com.st.stm32cube.ide.mcu.externaltools.gnu-tools-for-stm32.12.3.rel1.win32_1.1.0.202410251130/tools/bin/../lib/gcc/arm-none-eabi/12.3.1/../../../../arm-none-eabi/lib/thumb/v7e-m+fp/hard\libc_nano.a(libc_a-init.o)
 .ARM.attributes
                0x00000257       0x22 E:/STM32CubeIDE_1.17.0/STM32CubeIDE/plugins/com.st.stm32cube.ide.mcu.externaltools.gnu-tools-for-stm32.12.3.rel1.win32_1.1.0.202410251130/tools/bin/../lib/gcc/arm-none-eabi/12.3.1/thumb/v7e-m+fp/hard/crtn.o
OUTPUT(RTOS.elf elf32-littlearm)
LOAD linker stubs
LOAD E:/STM32CubeIDE_1.17.0/STM32CubeIDE/plugins/com.st.stm32cube.ide.mcu.externaltools.gnu-tools-for-stm32.12.3.rel1.win32_1.1.0.202410251130/tools/bin/../lib/gcc/arm-none-eabi/12.3.1/../../../../arm-none-eabi/lib/thumb/v7e-m+fp/hard\libc.a
LOAD E:/STM32CubeIDE_1.17.0/STM32CubeIDE/plugins/com.st.stm32cube.ide.mcu.externaltools.gnu-tools-for-stm32.12.3.rel1.win32_1.1.0.202410251130/tools/bin/../lib/gcc/arm-none-eabi/12.3.1/../../../../arm-none-eabi/lib/thumb/v7e-m+fp/hard\libm.a
LOAD E:/STM32CubeIDE_1.17.0/STM32CubeIDE/plugins/com.st.stm32cube.ide.mcu.externaltools.gnu-tools-for-stm32.12.3.rel1.win32_1.1.0.202410251130/tools/bin/../lib/gcc/arm-none-eabi/12.3.1/thumb/v7e-m+fp/hard\libgcc.a

.debug_info     0x00000000     0x1db6
 .debug_info    0x00000000      0x1f9 ./Src/RTOS/context.o
 .debug_info    0x000001f9      0x256 ./Src/RTOS/context_switch_logic.o
 .debug_info    0x0000044f      0xb0a ./Src/RTOS/os_manager.o
 .debug_info    0x00000f59       0x24 ./Src/RTOS/scheduler.o
 .debug_info    0x00000f7d       0x24 ./Src/RTOS/supervisor_call.o
 .debug_info    0x00000fa1      0x297 ./Src/RTOS/sys_timer.o
 .debug_info    0x00001238      0x617 ./Src/main.o
 .debug_info    0x0000184f      0x537 ./Src/system_stm32f4xx.o
 .debug_info    0x00001d86       0x30 ./Startup/startup_stm32f411ceux.o

.debug_abbrev   0x00000000      0x954
 .debug_abbrev  0x00000000       0xb5 ./Src/RTOS/context.o
 .debug_abbrev  0x000000b5       0xea ./Src/RTOS/context_switch_logic.o
 .debug_abbrev  0x0000019f      0x377 ./Src/RTOS/os_manager.o
 .debug_abbrev  0x00000516       0x14 ./Src/RTOS/scheduler.o
 .debug_abbrev  0x0000052a       0x14 ./Src/RTOS/supervisor_call.o
 .debug_abbrev  0x0000053e       0xbe ./Src/RTOS/sys_timer.o
 .debug_abbrev  0x000005fc      0x21a ./Src/main.o
 .debug_abbrev  0x00000816      0x11a ./Src/system_stm32f4xx.o
 .debug_abbrev  0x00000930       0x24 ./Startup/startup_stm32f411ceux.o

.debug_aranges  0x00000000      0x1b0
 .debug_aranges
                0x00000000       0x18 ./Src/RTOS/context.o
 .debug_aranges
                0x00000018       0x20 ./Src/RTOS/context_switch_logic.o
 .debug_aranges
                0x00000038       0x88 ./Src/RTOS/os_manager.o
 .debug_aranges
                0x000000c0       0x20 ./Src/RTOS/scheduler.o
 .debug_aranges
                0x000000e0       0x20 ./Src/RTOS/supervisor_call.o
 .debug_aranges
                0x00000100       0x28 ./Src/RTOS/sys_timer.o
 .debug_aranges
                0x00000128       0x38 ./Src/main.o
 .debug_aranges
                0x00000160       0x28 ./Src/system_stm32f4xx.o
 .debug_aranges
                0x00000188       0x28 ./Startup/startup_stm32f411ceux.o

.debug_macro    0x00000000     0xf277
 .debug_macro   0x00000000      0x1d3 ./Src/RTOS/context.o
 .debug_macro   0x000001d3      0xac0 ./Src/RTOS/context.o
 .debug_macro   0x00000c93       0x22 ./Src/RTOS/context.o
 .debug_macro   0x00000cb5       0x8e ./Src/RTOS/context.o
 .debug_macro   0x00000d43       0x51 ./Src/RTOS/context.o
 .debug_macro   0x00000d94      0x103 ./Src/RTOS/context.o
 .debug_macro   0x00000e97       0x6a ./Src/RTOS/context.o
 .debug_macro   0x00000f01      0x1df ./Src/RTOS/context.o
 .debug_macro   0x000010e0       0x28 ./Src/RTOS/context.o
 .debug_macro   0x00001108       0x28 ./Src/RTOS/context.o
 .debug_macro   0x00001130       0x1c ./Src/RTOS/context.o
 .debug_macro   0x0000114c       0x22 ./Src/RTOS/context.o
 .debug_macro   0x0000116e       0xfb ./Src/RTOS/context.o
 .debug_macro   0x00001269     0x1011 ./Src/RTOS/context.o
 .debug_macro   0x0000227a      0x11f ./Src/RTOS/context.o
 .debug_macro   0x00002399     0xb968 ./Src/RTOS/context.o
 .debug_macro   0x0000dd01       0x6d ./Src/RTOS/context.o
 .debug_macro   0x0000dd6e       0x61 ./Src/RTOS/context.o
 .debug_macro   0x0000ddcf       0x2a ./Src/RTOS/context.o
 .debug_macro   0x0000ddf9       0x43 ./Src/RTOS/context.o
 .debug_macro   0x0000de3c       0x34 ./Src/RTOS/context.o
 .debug_macro   0x0000de70      0x189 ./Src/RTOS/context.o
 .debug_macro   0x0000dff9       0x16 ./Src/RTOS/context.o
 .debug_macro   0x0000e00f       0x43 ./Src/RTOS/context.o
 .debug_macro   0x0000e052       0x34 ./Src/RTOS/context.o
 .debug_macro   0x0000e086       0x10 ./Src/RTOS/context.o
 .debug_macro   0x0000e096       0x58 ./Src/RTOS/context.o
 .debug_macro   0x0000e0ee       0x8e ./Src/RTOS/context.o
 .debug_macro   0x0000e17c       0x1c ./Src/RTOS/context.o
 .debug_macro   0x0000e198      0x177 ./Src/RTOS/context.o
 .debug_macro   0x0000e30f      0x369 ./Src/RTOS/context.o
 .debug_macro   0x0000e678       0x10 ./Src/RTOS/context.o
 .debug_macro   0x0000e688       0x35 ./Src/RTOS/context.o
 .debug_macro   0x0000e6bd       0x20 ./Src/RTOS/context.o
 .debug_macro   0x0000e6dd       0x16 ./Src/RTOS/context.o
 .debug_macro   0x0000e6f3       0x1c ./Src/RTOS/context.o
 .debug_macro   0x0000e70f      0x1dd ./Src/RTOS/context_switch_logic.o
 .debug_macro   0x0000e8ec      0x225 ./Src/RTOS/os_manager.o
 .debug_macro   0x0000eb11       0x16 ./Src/RTOS/os_manager.o
 .debug_macro   0x0000eb27      0x11c ./Src/RTOS/os_manager.o
 .debug_macro   0x0000ec43       0x94 ./Src/RTOS/os_manager.o
 .debug_macro   0x0000ecd7       0x16 ./Src/RTOS/os_manager.o
 .debug_macro   0x0000eced       0x29 ./Src/RTOS/os_manager.o
 .debug_macro   0x0000ed16       0x16 ./Src/RTOS/os_manager.o
 .debug_macro   0x0000ed2c      0x11a ./Src/RTOS/sys_timer.o
 .debug_macro   0x0000ee46       0x5b ./Src/RTOS/sys_timer.o
 .debug_macro   0x0000eea1       0x94 ./Src/RTOS/sys_timer.o
 .debug_macro   0x0000ef35       0x57 ./Src/RTOS/sys_timer.o
 .debug_macro   0x0000ef8c      0x211 ./Src/main.o
 .debug_macro   0x0000f19d       0xda ./Src/system_stm32f4xx.o

.debug_line     0x00000000     0x290d
 .debug_line    0x00000000      0x608 ./Src/RTOS/context.o
 .debug_line    0x00000608      0x665 ./Src/RTOS/context_switch_logic.o
 .debug_line    0x00000c6d      0x98c ./Src/RTOS/os_manager.o
 .debug_line    0x000015f9       0x51 ./Src/RTOS/scheduler.o
 .debug_line    0x0000164a       0x49 ./Src/RTOS/supervisor_call.o
 .debug_line    0x00001693      0x5c6 ./Src/RTOS/sys_timer.o
 .debug_line    0x00001c59      0x723 ./Src/main.o
 .debug_line    0x0000237c      0x516 ./Src/system_stm32f4xx.o
 .debug_line    0x00002892       0x7b ./Startup/startup_stm32f411ceux.o

.debug_str      0x00000000    0x54048
 .debug_str     0x00000000    0x53374 ./Src/RTOS/context.o
                              0x53588 (size before relaxing)
 .debug_str     0x00053374       0x8f ./Src/RTOS/context_switch_logic.o
                              0x53609 (size before relaxing)
 .debug_str     0x00053403      0x90e ./Src/RTOS/os_manager.o
                              0x53ec3 (size before relaxing)
 .debug_str     0x00053d11       0x26 ./Src/RTOS/scheduler.o
                                 0x48 (size before relaxing)
 .debug_str     0x00053d37       0x1e ./Src/RTOS/supervisor_call.o
                                 0x4e (size before relaxing)
 .debug_str     0x00053d55       0x45 ./Src/RTOS/sys_timer.o
                              0x502e0 (size before relaxing)
 .debug_str     0x00053d9a      0x1bd ./Src/main.o
                              0x53a26 (size before relaxing)
 .debug_str     0x00053f57       0xc0 ./Src/system_stm32f4xx.o
                              0x4fff7 (size before relaxing)
 .debug_str     0x00054017       0x31 ./Startup/startup_stm32f411ceux.o
                                 0x61 (size before relaxing)

.comment        0x00000000       0x43
 .comment       0x00000000       0x43 ./Src/RTOS/context.o
                                 0x44 (size before relaxing)
 .comment       0x00000043       0x44 ./Src/RTOS/context_switch_logic.o
 .comment       0x00000043       0x44 ./Src/RTOS/os_manager.o
 .comment       0x00000043       0x44 ./Src/RTOS/sys_timer.o
 .comment       0x00000043       0x44 ./Src/main.o
 .comment       0x00000043       0x44 ./Src/system_stm32f4xx.o

.debug_rnglists
                0x00000000       0xeb
 .debug_rnglists
                0x00000000       0x13 ./Src/RTOS/context_switch_logic.o
 .debug_rnglists
                0x00000013       0x66 ./Src/RTOS/os_manager.o
 .debug_rnglists
                0x00000079       0x19 ./Src/RTOS/sys_timer.o
 .debug_rnglists
                0x00000092       0x26 ./Src/main.o
 .debug_rnglists
                0x000000b8       0x1a ./Src/system_stm32f4xx.o
 .debug_rnglists
                0x000000d2       0x19 ./Startup/startup_stm32f411ceux.o

.debug_frame    0x00000000      0x3cc
 .debug_frame   0x00000000       0x38 ./Src/RTOS/context_switch_logic.o
 .debug_frame   0x00000038      0x214 ./Src/RTOS/os_manager.o
 .debug_frame   0x0000024c       0x50 ./Src/RTOS/sys_timer.o
 .debug_frame   0x0000029c       0x8c ./Src/main.o
 .debug_frame   0x00000328       0x58 ./Src/system_stm32f4xx.o
 .debug_frame   0x00000380       0x20 E:/STM32CubeIDE_1.17.0/STM32CubeIDE/plugins/com.st.stm32cube.ide.mcu.externaltools.gnu-tools-for-stm32.12.3.rel1.win32_1.1.0.202410251130/tools/bin/../lib/gcc/arm-none-eabi/12.3.1/../../../../arm-none-eabi/lib/thumb/v7e-m+fp/hard\libc_nano.a(libc_a-memset.o)
 .debug_frame   0x000003a0       0x2c E:/STM32CubeIDE_1.17.0/STM32CubeIDE/plugins/com.st.stm32cube.ide.mcu.externaltools.gnu-tools-for-stm32.12.3.rel1.win32_1.1.0.202410251130/tools/bin/../lib/gcc/arm-none-eabi/12.3.1/../../../../arm-none-eabi/lib/thumb/v7e-m+fp/hard\libc_nano.a(libc_a-init.o)

.debug_line_str
                0x00000000       0x6f
 .debug_line_str
                0x00000000       0x3a ./Src/RTOS/scheduler.o
 .debug_line_str
                0x0000003a       0x12 ./Src/RTOS/supervisor_call.o
                                 0x40 (size before relaxing)
 .debug_line_str
                0x0000004c       0x23 ./Startup/startup_stm32f411ceux.o
                                 0x45 (size before relaxing)
