Archive member included to satisfy reference by file (symbol)

E:/STM32CubeIDE_1.17.0/STM32CubeIDE/plugins/com.st.stm32cube.ide.mcu.externaltools.gnu-tools-for-stm32.12.3.rel1.win32_1.1.0.202410251130/tools/bin/../lib/gcc/arm-none-eabi/12.3.1/../../../../arm-none-eabi/lib/thumb/v7e-m+fp/hard\libc_nano.a(libc_a-exit.o)
                              E:/STM32CubeIDE_1.17.0/STM32CubeIDE/plugins/com.st.stm32cube.ide.mcu.externaltools.gnu-tools-for-stm32.12.3.rel1.win32_1.1.0.202410251130/tools/bin/../lib/gcc/arm-none-eabi/12.3.1/../../../../arm-none-eabi/lib/thumb/v7e-m+fp/hard/crt0.o (exit)
E:/STM32CubeIDE_1.17.0/STM32CubeIDE/plugins/com.st.stm32cube.ide.mcu.externaltools.gnu-tools-for-stm32.12.3.rel1.win32_1.1.0.202410251130/tools/bin/../lib/gcc/arm-none-eabi/12.3.1/../../../../arm-none-eabi/lib/thumb/v7e-m+fp/hard\libc_nano.a(libc_a-findfp.o)
                              E:/STM32CubeIDE_1.17.0/STM32CubeIDE/plugins/com.st.stm32cube.ide.mcu.externaltools.gnu-tools-for-stm32.12.3.rel1.win32_1.1.0.202410251130/tools/bin/../lib/gcc/arm-none-eabi/12.3.1/../../../../arm-none-eabi/lib/thumb/v7e-m+fp/hard\libc_nano.a(libc_a-exit.o) (__stdio_exit_handler)
E:/STM32CubeIDE_1.17.0/STM32CubeIDE/plugins/com.st.stm32cube.ide.mcu.externaltools.gnu-tools-for-stm32.12.3.rel1.win32_1.1.0.202410251130/tools/bin/../lib/gcc/arm-none-eabi/12.3.1/../../../../arm-none-eabi/lib/thumb/v7e-m+fp/hard\libc_nano.a(libc_a-fwalk.o)
                              E:/STM32CubeIDE_1.17.0/STM32CubeIDE/plugins/com.st.stm32cube.ide.mcu.externaltools.gnu-tools-for-stm32.12.3.rel1.win32_1.1.0.202410251130/tools/bin/../lib/gcc/arm-none-eabi/12.3.1/../../../../arm-none-eabi/lib/thumb/v7e-m+fp/hard\libc_nano.a(libc_a-findfp.o) (_fwalk_sglue)
E:/STM32CubeIDE_1.17.0/STM32CubeIDE/plugins/com.st.stm32cube.ide.mcu.externaltools.gnu-tools-for-stm32.12.3.rel1.win32_1.1.0.202410251130/tools/bin/../lib/gcc/arm-none-eabi/12.3.1/../../../../arm-none-eabi/lib/thumb/v7e-m+fp/hard\libc_nano.a(libc_a-stdio.o)
                              E:/STM32CubeIDE_1.17.0/STM32CubeIDE/plugins/com.st.stm32cube.ide.mcu.externaltools.gnu-tools-for-stm32.12.3.rel1.win32_1.1.0.202410251130/tools/bin/../lib/gcc/arm-none-eabi/12.3.1/../../../../arm-none-eabi/lib/thumb/v7e-m+fp/hard\libc_nano.a(libc_a-findfp.o) (__sread)
E:/STM32CubeIDE_1.17.0/STM32CubeIDE/plugins/com.st.stm32cube.ide.mcu.externaltools.gnu-tools-for-stm32.12.3.rel1.win32_1.1.0.202410251130/tools/bin/../lib/gcc/arm-none-eabi/12.3.1/../../../../arm-none-eabi/lib/thumb/v7e-m+fp/hard\libc_nano.a(libc_a-memset.o)
                              E:/STM32CubeIDE_1.17.0/STM32CubeIDE/plugins/com.st.stm32cube.ide.mcu.externaltools.gnu-tools-for-stm32.12.3.rel1.win32_1.1.0.202410251130/tools/bin/../lib/gcc/arm-none-eabi/12.3.1/../../../../arm-none-eabi/lib/thumb/v7e-m+fp/hard/crt0.o (memset)
E:/STM32CubeIDE_1.17.0/STM32CubeIDE/plugins/com.st.stm32cube.ide.mcu.externaltools.gnu-tools-for-stm32.12.3.rel1.win32_1.1.0.202410251130/tools/bin/../lib/gcc/arm-none-eabi/12.3.1/../../../../arm-none-eabi/lib/thumb/v7e-m+fp/hard\libc_nano.a(libc_a-closer.o)
                              E:/STM32CubeIDE_1.17.0/STM32CubeIDE/plugins/com.st.stm32cube.ide.mcu.externaltools.gnu-tools-for-stm32.12.3.rel1.win32_1.1.0.202410251130/tools/bin/../lib/gcc/arm-none-eabi/12.3.1/../../../../arm-none-eabi/lib/thumb/v7e-m+fp/hard\libc_nano.a(libc_a-stdio.o) (_close_r)
E:/STM32CubeIDE_1.17.0/STM32CubeIDE/plugins/com.st.stm32cube.ide.mcu.externaltools.gnu-tools-for-stm32.12.3.rel1.win32_1.1.0.202410251130/tools/bin/../lib/gcc/arm-none-eabi/12.3.1/../../../../arm-none-eabi/lib/thumb/v7e-m+fp/hard\libc_nano.a(libc_a-reent.o)
                              E:/STM32CubeIDE_1.17.0/STM32CubeIDE/plugins/com.st.stm32cube.ide.mcu.externaltools.gnu-tools-for-stm32.12.3.rel1.win32_1.1.0.202410251130/tools/bin/../lib/gcc/arm-none-eabi/12.3.1/../../../../arm-none-eabi/lib/thumb/v7e-m+fp/hard\libc_nano.a(libc_a-closer.o) (errno)
E:/STM32CubeIDE_1.17.0/STM32CubeIDE/plugins/com.st.stm32cube.ide.mcu.externaltools.gnu-tools-for-stm32.12.3.rel1.win32_1.1.0.202410251130/tools/bin/../lib/gcc/arm-none-eabi/12.3.1/../../../../arm-none-eabi/lib/thumb/v7e-m+fp/hard\libc_nano.a(libc_a-impure.o)
                              E:/STM32CubeIDE_1.17.0/STM32CubeIDE/plugins/com.st.stm32cube.ide.mcu.externaltools.gnu-tools-for-stm32.12.3.rel1.win32_1.1.0.202410251130/tools/bin/../lib/gcc/arm-none-eabi/12.3.1/../../../../arm-none-eabi/lib/thumb/v7e-m+fp/hard\libc_nano.a(libc_a-reent.o) (_impure_ptr)
E:/STM32CubeIDE_1.17.0/STM32CubeIDE/plugins/com.st.stm32cube.ide.mcu.externaltools.gnu-tools-for-stm32.12.3.rel1.win32_1.1.0.202410251130/tools/bin/../lib/gcc/arm-none-eabi/12.3.1/../../../../arm-none-eabi/lib/thumb/v7e-m+fp/hard\libc_nano.a(libc_a-lseekr.o)
[...]
Memory Configuration

Name             Origin             Length             Attributes
RAM              0x20000000         0x00020000         xrw
FLASH            0x08000000         0x00080000         xr
*default*        0x00000000         0xffffffff

Linker script and memory map

LOAD E:/STM32CubeIDE_1.17.0/STM32CubeIDE/plugins/com.st.stm32cube.ide.mcu.externaltools.gnu-tools-for-stm32.12.3.rel1.win32_1.1.0.202410251130/tools/bin/../lib/gcc/arm-none-eabi/12.3.1/thumb/v7e-m+fp/hard/crti.o
LOAD E:/STM32CubeIDE_1.17.0/STM32CubeIDE/plugins/com.st.stm32cube.ide.mcu.externaltools.gnu-tools-for-stm32.12.3.rel1.win32_1.1.0.202410251130/tools/bin/../lib/gcc/arm-none-eabi/12.3.1/thumb/v7e-m+fp/hard/crtbegin.o
LOAD E:/STM32CubeIDE_1.17.0/STM32CubeIDE/plugins/com.st.stm32cube.ide.mcu.externaltools.gnu-tools-for-stm32.12.3.rel1.win32_1.1.0.202410251130/tools/bin/../lib/gcc/arm-none-eabi/12.3.1/../../../../arm-none-eabi/lib/thumb/v7e-m+fp/hard/crt0.o
LOAD ./Src/RTOS/Port/hardfault.o
LOAD ./Src/RTOS/Port/port_mpu.o
LOAD ./Src/RTOS/Port/port_supervisor_call.o
LOAD ./Src/RTOS/Port/port_sys_timer.o
LOAD ./Src/RTOS/Port/scheduler.o
LOAD ./Src/RTOS/Port/supervisor_call_asm.o
LOAD ./Src/RTOS/context.o
LOAD ./Src/RTOS/context_switch_logic.o
LOAD ./Src/RTOS/os_manager.o
LOAD ./Src/RTOS/supervisor_call.o
LOAD ./Src/RTOS/supervisor_core_functions.o
LOAD ./Src/main.o
LOAD ./Src/syscalls.o
LOAD ./Src/sysmem.o
LOAD ./Src/system_stm32f4xx.o
LOAD ./Startup/startup_stm32f411ceux.o
START GROUP
LOAD E:/STM32CubeIDE_1.17.0/STM32CubeIDE/plugins/com.st.stm32cube.ide.mcu.externaltools.gnu-tools-for-stm32.12.3.rel1.win32_1.1.0.202410251130/tools/bin/../lib/gcc/arm-none-eabi/12.3.1/../../../../arm-none-eabi/lib/thumb/v7e-m+fp/hard\libc_nano.a
LOAD E:/STM32CubeIDE_1.17.0/STM32CubeIDE/plugins/com.st.stm32cube.ide.mcu.externaltools.gnu-tools-for-stm32.12.3.rel1.win32_1.1.0.202410251130/tools/bin/../lib/gcc/arm-none-eabi/12.3.1/../../../../arm-none-eabi/lib/thumb/v7e-m+fp/hard\libm.a
END GROUP
START GROUP
LOAD E:/STM32CubeIDE_1.17.0/STM32CubeIDE/plugins/com.st.stm32cube.ide.mcu.externaltools.gnu-tools-for-stm32.12.3.rel1.win32_1.1.0.202410251130/tools/bin/../lib/gcc/arm-none-eabi/12.3.1/thumb/v7e-m+fp/hard\libgcc.a
LOAD E:/STM32CubeIDE_1.17.0/STM32CubeIDE/plugins/com.st.stm32cube.ide.mcu.externaltools.gnu-tools-for-stm32.12.3.rel1.win32_1.1.0.202410251130/tools/bin/../lib/gcc/arm-none-eabi/12.3.1/../../../../arm-none-eabi/lib/thumb/v7e-m+fp/hard\libc_nano.a
END GROUP
START GROUP
LOAD E:/STM32CubeIDE_1.17.0/STM32CubeIDE/plugins/com.st.stm32cube.ide.mcu.externaltools.gnu-tools-for-stm32.12.3.rel1.win32_1.1.0.202410251130/tools/bin/../lib/gcc/arm-none-eabi/12.3.1/thumb/v7e-m+fp/hard\libgcc.a
LOAD E:/STM32CubeIDE_1.17.0/STM32CubeIDE/plugins/com.st.stm32cube.ide.mcu.externaltools.gnu-tools-for-stm32.12.3.rel1.win32_1.1.0.202410251130/tools/bin/../lib/gcc/arm-none-eabi/12.3.1/../../../../arm-none-eabi/lib/thumb/v7e-m+fp/hard\libc_nano.a
LOAD E:/STM32CubeIDE_1.17.0/STM32CubeIDE/plugins/com.st.stm32cube.ide.mcu.externaltools.gnu-tools-for-stm32.12.3.rel1.win32_1.1.0.202410251130/tools/bin/../lib/gcc/arm-none-eabi/12.3.1/../../../../arm-none-eabi/lib/thumb/v7e-m+fp/hard\libnosys.a
END GROUP
START GROUP
LOAD E:/STM32CubeIDE_1.17.0/STM32CubeIDE/plugins/com.st.stm32cube.ide.mcu.externaltools.gnu-tools-for-stm32.12.3.rel1.win32_1.1.0.202410251130/tools/bin/../lib/gcc/arm-none-eabi/12.3.1/thumb/v7e-m+fp/hard\libgcc.a
LOAD E:/STM32CubeIDE_1.17.0/STM32CubeIDE/plugins/com.st.stm32cube.ide.mcu.externaltools.gnu-tools-for-stm32.12.3.rel1.win32_1.1.0.202410251130/tools/bin/../lib/gcc/arm-none-eabi/12.3.1/../../../../arm-none-eabi/lib/thumb/v7e-m+fp/hard\libc_nano.a
LOAD E:/STM32CubeIDE_1.17.0/STM32CubeIDE/plugins/com.st.stm32cube.ide.mcu.externaltools.gnu-tools-for-stm32.12.3.rel1.win32_1.1.0.202410251130/tools/bin/../lib/gcc/arm-none-eabi/12.3.1/../../../../arm-none-eabi/lib/thumb/v7e-m+fp/hard\libnosys.a
END GROUP
LOAD E:/STM32CubeIDE_1.17.0/STM32CubeIDE/plugins/com.st.stm32cube.ide.mcu.externaltools.gnu-tools-for-stm32.12.3.rel1.win32_1.1.0.202410251130/tools/bin/../lib/gcc/arm-none-eabi/12.3.1/thumb/v7e-m+fp/hard/crtend.o
LOAD E:/STM32CubeIDE_1.17.0/STM32CubeIDE/plugins/com.st.stm32cube.ide.mcu.externaltools.gnu-tools-for-stm32.12.3.rel1.win32_1.1.0.202410251130/tools/bin/../lib/gcc/arm-none-eabi/12.3.1/thumb/v7e-m+fp/hard/crtn.o
                0x20020000                        _estack = (ORIGIN (RAM) + LENGTH (RAM))
                0x00000200                        _Min_Heap_Size = 0x200
                0x00000400                        _Min_Stack_Size = 0x400

.isr_vector     0x08000000      0x198
                0x08000000                        . = ALIGN (0x4)
 *(.isr_vector)
 .isr_vector    0x08000000      0x198 ./Startup/startup_stm32f411ceux.o
                0x08000000                g_pfnVectors
                0x08000198                        . = ALIGN (0x4)

.text           0x08000198      0xec8
                0x08000198                        . = ALIGN (0x4)
 *(.text)
 .text          0x08000198       0x40 E:/STM32CubeIDE_1.17.0/STM32CubeIDE/plugins/com.st.stm32cube.ide.mcu.externaltools.gnu-tools-for-stm32.12.3.rel1.win32_1.1.0.202410251130/tools/bin/../lib/gcc/arm-none-eabi/12.3.1/thumb/v7e-m+fp/hard/crtbegin.o
 .text          0x080001d8       0x38 ./Src/RTOS/Port/scheduler.o
                0x080001d8                PendSV_Handler
                0x080001ec                OS_Load_Context_test
                0x080001f6                OS_Load_Context
 .text          0x08000210       0x2a ./Src/RTOS/Port/supervisor_call_asm.o
                0x08000210                SVC_Handler
 *(.text*)
 *fill*         0x0800023a        0x2 
 .text.HardFault_Decoder
                0x0800023c       0x78 ./Src/RTOS/Port/hardfault.o
                0x0800023c                HardFault_Decoder
 .text.HardFault_Handler
                0x080002b4       0x14 ./Src/RTOS/Port/hardfault.o
                0x080002b4                HardFault_Handler
 .text._port_mpu_initialization
                0x080002c8       0x74 ./Src/RTOS/Port/port_mpu.o
                0x080002c8                _port_mpu_initialization
 .text._port_mpu_prepare_task_stack_region
                0x0800033c       0x54 ./Src/RTOS/Port/port_mpu.o
                0x0800033c                _port_mpu_prepare_task_stack_region
 .text.SVC_Handler_C
                0x08000390       0x56 ./Src/RTOS/Port/port_supervisor_call.o
                0x08000390                SVC_Handler_C
 *fill*         0x080003e6        0x2 
 .text._port_sys_SysTick_initialization
                0x080003e8       0x34 ./Src/RTOS/Port/port_sys_timer.o
                0x080003e8                _port_sys_SysTick_initialization
 .text._port_sys_SysTick_start
                0x0800041c       0x20 ./Src/RTOS/Port/port_sys_timer.o
                0x0800041c                _port_sys_SysTick_start
 .text.SysTick_Handler
                0x0800043c       0x24 ./Src/RTOS/Port/port_sys_timer.o
                0x0800043c                SysTick_Handler
 .text._port_mpu_set_task_stack_region
                0x08000460       0x4c ./Src/RTOS/context_switch_logic.o
 .text._scheduler_switch_logic
                0x080004ac       0x70 ./Src/RTOS/context_switch_logic.o
                0x080004ac                _scheduler_switch_logic
 .text.__NVIC_SetPriority
                0x0800051c       0x54 ./Src/RTOS/os_manager.o
 .text._port_fpu_start_settings
                0x08000570       0x40 ./Src/RTOS/os_manager.o
 .text._context_initialization
                0x080005b0       0x6c ./Src/RTOS/os_manager.o
 .text._get_most_priority_task
                0x0800061c       0x30 ./Src/RTOS/os_manager.o
 .text._idle_task
                0x0800064c        0x8 ./Src/RTOS/os_manager.o
                0x0800064c                _idle_task
 .text.OS_Initialization
                0x08000654       0x60 ./Src/RTOS/os_manager.o
                0x08000654                OS_Initialization
 .text.OS_Start
                0x080006b4       0x34 ./Src/RTOS/os_manager.o
                0x080006b4                OS_Start
 .text.OS_CreateTaskStatic
                0x080006e8       0x1e ./Src/RTOS/os_manager.o
                0x080006e8                OS_CreateTaskStatic
 .text.OS_DeleteTask
                0x08000706       0x18 ./Src/RTOS/os_manager.o
                0x08000706                OS_DeleteTask
 .text.OS_FPU_Settings
                0x0800071e       0x36 ./Src/RTOS/os_manager.o
                0x0800071e                OS_FPU_Settings
 .text._port_start_scheduler_from_svc
                0x08000754       0x38 ./Src/RTOS/supervisor_call.o
 .text.OS_SVC_Dispatcher
                0x0800078c       0x80 ./Src/RTOS/supervisor_call.o
                0x0800078c                OS_SVC_Dispatcher
 .text._port_fpu_mode_settings
                0x0800080c       0x4c ./Src/RTOS/supervisor_core_functions.o
 .text._port_PendSV_enter
                0x08000858       0x24 ./Src/RTOS/supervisor_core_functions.o
 .text._port_stack_init
                0x0800087c      0x27e ./Src/RTOS/supervisor_core_functions.o
 .text.OS_Yield
                0x08000afa        0xc ./Src/RTOS/supervisor_core_functions.o
 *fill*         0x08000b06        0x2 
 .text._add_to_ready_list
                0x08000b08       0x84 ./Src/RTOS/supervisor_core_functions.o
 .text._remove_from_ready_list
                0x08000b8c       0x90 ./Src/RTOS/supervisor_core_functions.o
 .text._get_free_TCB
                0x08000c1c       0x54 ./Src/RTOS/supervisor_core_functions.o
 .text._add_free_TCB
                0x08000c70       0x3c ./Src/RTOS/supervisor_core_functions.o
 .text._delete_current_task
                0x08000cac       0x20 ./Src/RTOS/supervisor_core_functions.o
                0x08000cac                _delete_current_task
 .text._svc_create_task_static_handle
                0x08000ccc       0xa0 ./Src/RTOS/supervisor_core_functions.o
                0x08000ccc                _svc_create_task_static_handle
 .text._svc_delete_task_handle
                0x08000d6c       0x4c ./Src/RTOS/supervisor_core_functions.o
                0x08000d6c                _svc_delete_task_handle
 .text._svc_fpu_settings_handle
                0x08000db8       0x34 ./Src/RTOS/supervisor_core_functions.o
                0x08000db8                _svc_fpu_settings_handle
 .text.Task1    0x08000dec       0x14 ./Src/main.o
                0x08000dec                Task1
 .text.Task3    0x08000e00       0x30 ./Src/main.o
                0x08000e00                Task3
 .text.Task2    0x08000e30       0x48 ./Src/main.o
                0x08000e30                Task2
 .text.GPIO_Config
                0x08000e78       0x6c ./Src/main.o
                0x08000e78                GPIO_Config
 .text.main     0x08000ee4       0x94 ./Src/main.o
                0x08000ee4                main
 .text.SystemInit
                0x08000f78       0x24 ./Src/system_stm32f4xx.o
                0x08000f78                SystemInit
 .text.Reset_Handler
                0x08000f9c       0x50 ./Startup/startup_stm32f411ceux.o
                0x08000f9c                Reset_Handler
 .text.Default_Handler
                0x08000fec        0x2 ./Startup/startup_stm32f411ceux.o
                0x08000fec                RTC_Alarm_IRQHandler
                0x08000fec                EXTI2_IRQHandler
                0x08000fec                DebugMon_Handler
                0x08000fec                SPI4_IRQHandler
                0x08000fec                TIM1_CC_IRQHandler
                0x08000fec                DMA2_Stream5_IRQHandler
                0x08000fec                DMA1_Stream5_IRQHandler
                0x08000fec                PVD_IRQHandler
                0x08000fec                SDIO_IRQHandler
                0x08000fec                TAMP_STAMP_IRQHandler
                0x08000fec                NMI_Handler
                0x08000fec                EXTI3_IRQHandler
                0x08000fec                TIM1_UP_TIM10_IRQHandler
                0x08000fec                I2C3_ER_IRQHandler
                0x08000fec                EXTI0_IRQHandler
                0x08000fec                I2C2_EV_IRQHandler
                0x08000fec                DMA1_Stream2_IRQHandler
                0x08000fec                UsageFault_Handler
                0x08000fec                DMA2_Stream2_IRQHandler
                0x08000fec                SPI1_IRQHandler
                0x08000fec                TIM1_BRK_TIM9_IRQHandler
                0x08000fec                DMA2_Stream3_IRQHandler
                0x08000fec                USART6_IRQHandler
                0x08000fec                DMA2_Stream0_IRQHandler
                0x08000fec                TIM4_IRQHandler
                0x08000fec                I2C1_EV_IRQHandler
                0x08000fec                DMA1_Stream6_IRQHandler
                0x08000fec                DMA1_Stream1_IRQHandler
                0x08000fec                TIM3_IRQHandler
                0x08000fec                RCC_IRQHandler
                0x08000fec                Default_Handler
                0x08000fec                EXTI15_10_IRQHandler
                0x08000fec                ADC_IRQHandler
                0x08000fec                DMA1_Stream7_IRQHandler
                0x08000fec                SPI5_IRQHandler
                0x08000fec                TIM5_IRQHandler
                0x08000fec                DMA2_Stream7_IRQHandler
                0x08000fec                I2C3_EV_IRQHandler
                0x08000fec                EXTI9_5_IRQHandler
                0x08000fec                RTC_WKUP_IRQHandler
                0x08000fec                SPI2_IRQHandler
                0x08000fec                MemManage_Handler
                0x08000fec                DMA1_Stream0_IRQHandler
                0x08000fec                EXTI4_IRQHandler
                0x08000fec                WWDG_IRQHandler
                0x08000fec                TIM2_IRQHandler
                0x08000fec                OTG_FS_WKUP_IRQHandler
                0x08000fec                TIM1_TRG_COM_TIM11_IRQHandler
                0x08000fec                EXTI1_IRQHandler
                0x08000fec                USART2_IRQHandler
                0x08000fec                I2C2_ER_IRQHandler
                0x08000fec                DMA2_Stream1_IRQHandler
                0x08000fec                FLASH_IRQHandler
                0x08000fec                DMA2_Stream4_IRQHandler
                0x08000fec                BusFault_Handler
                0x08000fec                USART1_IRQHandler
                0x08000fec                OTG_FS_IRQHandler
                0x08000fec                SPI3_IRQHandler
                0x08000fec                DMA1_Stream4_IRQHandler
                0x08000fec                I2C1_ER_IRQHandler
                0x08000fec                DMA2_Stream6_IRQHandler
                0x08000fec                DMA1_Stream3_IRQHandler
 .text.memset   0x08000fee       0x10 E:/STM32CubeIDE_1.17.0/STM32CubeIDE/plugins/com.st.stm32cube.ide.mcu.externaltools.gnu-tools-for-stm32.12.3.rel1.win32_1.1.0.202410251130/tools/bin/../lib/gcc/arm-none-eabi/12.3.1/../../../../arm-none-eabi/lib/thumb/v7e-m+fp/hard\libc_nano.a(libc_a-memset.o)
                0x08000fee                memset
 *fill*         0x08000ffe        0x2 
 .text.__libc_init_array
                0x08001000       0x48 E:/STM32CubeIDE_1.17.0/STM32CubeIDE/plugins/com.st.stm32cube.ide.mcu.externaltools.gnu-tools-for-stm32.12.3.rel1.win32_1.1.0.202410251130/tools/bin/../lib/gcc/arm-none-eabi/12.3.1/../../../../arm-none-eabi/lib/thumb/v7e-m+fp/hard\libc_nano.a(libc_a-init.o)
                0x08001000                __libc_init_array
 *(.glue_7)
 .glue_7        0x08001048        0x0 linker stubs
 *(.glue_7t)
 .glue_7t       0x08001048        0x0 linker stubs
 *(.eh_frame)
 .eh_frame      0x08001048        0x0 E:/STM32CubeIDE_1.17.0/STM32CubeIDE/plugins/com.st.stm32cube.ide.mcu.externaltools.gnu-tools-for-stm32.12.3.rel1.win32_1.1.0.202410251130/tools/bin/../lib/gcc/arm-none-eabi/12.3.1/thumb/v7e-m+fp/hard/crtbegin.o
 *(.init)
 .init          0x08001048        0x4 E:/STM32CubeIDE_1.17.0/STM32CubeIDE/plugins/com.st.stm32cube.ide.mcu.externaltools.gnu-tools-for-stm32.12.3.rel1.win32_1.1.0.202410251130/tools/bin/../lib/gcc/arm-none-eabi/12.3.1/thumb/v7e-m+fp/hard/crti.o
                0x08001048                _init
 .init          0x0800104c        0x8 E:/STM32CubeIDE_1.17.0/STM32CubeIDE/plugins/com.st.stm32cube.ide.mcu.externaltools.gnu-tools-for-stm32.12.3.rel1.win32_1.1.0.202410251130/tools/bin/../lib/gcc/arm-none-eabi/12.3.1/thumb/v7e-m+fp/hard/crtn.o
 *(.fini)
 .fini          0x08001054        0x4 E:/STM32CubeIDE_1.17.0/STM32CubeIDE/plugins/com.st.stm32cube.ide.mcu.externaltools.gnu-tools-for-stm32.12.3.rel1.win32_1.1.0.202410251130/tools/bin/../lib/gcc/arm-none-eabi/12.3.1/thumb/v7e-m+fp/hard/crti.o
                0x08001054                _fini
 .fini          0x08001058        0x8 E:/STM32CubeIDE_1.17.0/STM32CubeIDE/plugins/com.st.stm32cube.ide.mcu.externaltools.gnu-tools-for-stm32.12.3.rel1.win32_1.1.0.202410251130/tools/bin/../lib/gcc/arm-none-eabi/12.3.1/thumb/v7e-m+fp/hard/crtn.o
                0x08001060                        . = ALIGN (0x4)
                0x08001060                        _etext = .

.vfp11_veneer   0x08001060        0x0
 .vfp11_veneer  0x08001060        0x0 linker stubs

.v4_bx          0x08001060        0x0
 .v4_bx         0x08001060        0x0 linker stubs

.iplt           0x08001060        0x0
 .iplt          0x08001060        0x0 E:/STM32CubeIDE_1.17.0/STM32CubeIDE/plugins/com.st.stm32cube.ide.mcu.externaltools.gnu-tools-for-stm32.12.3.rel1.win32_1.1.0.202410251130/tools/bin/../lib/gcc/arm-none-eabi/12.3.1/thumb/v7e-m+fp/hard/crtbegin.o

.rodata         0x08001060        0x0
                0x08001060                        . = ALIGN (0x4)
 *(.rodata)
 *(.rodata*)
                0x08001060                        . = ALIGN (0x4)

.ARM.extab      0x08001060        0x0
                0x08001060                        . = ALIGN (0x4)
 *(.ARM.extab* .gnu.linkonce.armextab.*)
                0x08001060                        . = ALIGN (0x4)

.ARM            0x08001060        0x0
                0x08001060                        . = ALIGN (0x4)
                0x08001060                        __exidx_start = .
 *(.ARM.exidx*)
                0x08001060                        __exidx_end = .
                0x08001060                        . = ALIGN (0x4)

.preinit_array  0x08001060        0x0
                0x08001060                        . = ALIGN (0x4)
                0x08001060                        PROVIDE (__preinit_array_start = .)
 *(.preinit_array*)
                0x08001060                        PROVIDE (__preinit_array_end = .)
                0x08001060                        . = ALIGN (0x4)

.init_array     0x08001060        0x4
                0x08001060                        . = ALIGN (0x4)
                0x08001060                        PROVIDE (__init_array_start = .)
 *(SORT_BY_NAME(.init_array.*))
 *(.init_array*)
 .init_array    0x08001060        0x4 E:/STM32CubeIDE_1.17.0/STM32CubeIDE/plugins/com.st.stm32cube.ide.mcu.externaltools.gnu-tools-for-stm32.12.3.rel1.win32_1.1.0.202410251130/tools/bin/../lib/gcc/arm-none-eabi/12.3.1/thumb/v7e-m+fp/hard/crtbegin.o
                0x08001064                        PROVIDE (__init_array_end = .)
                0x08001064                        . = ALIGN (0x4)

.fini_array     0x08001064        0x4
                0x08001064                        . = ALIGN (0x4)
                [!provide]                        PROVIDE (__fini_array_start = .)
 *(SORT_BY_NAME(.fini_array.*))
 *(.fini_array*)
 .fini_array    0x08001064        0x4 E:/STM32CubeIDE_1.17.0/STM32CubeIDE/plugins/com.st.stm32cube.ide.mcu.externaltools.gnu-tools-for-stm32.12.3.rel1.win32_1.1.0.202410251130/tools/bin/../lib/gcc/arm-none-eabi/12.3.1/thumb/v7e-m+fp/hard/crtbegin.o
                [!provide]                        PROVIDE (__fini_array_end = .)
                0x08001068                        . = ALIGN (0x4)
                0x08001068                        _sidata = LOADADDR (.data)

.rel.dyn        0x08001068        0x0
 .rel.iplt      0x08001068        0x0 E:/STM32CubeIDE_1.17.0/STM32CubeIDE/plugins/com.st.stm32cube.ide.mcu.externaltools.gnu-tools-for-stm32.12.3.rel1.win32_1.1.0.202410251130/tools/bin/../lib/gcc/arm-none-eabi/12.3.1/thumb/v7e-m+fp/hard/crtbegin.o

.data           0x20000000       0x30 load address 0x08001068
                0x20000000                        . = ALIGN (0x4)
                0x20000000                        _sdata = .
 *(.data)
 *(.data*)
 .data._idle_stack_handle_sys_descriptor
                0x20000000        0xc ./Src/RTOS/os_manager.o
 .data._idle_stack_handle
                0x2000000c        0x4 ./Src/RTOS/os_manager.o
 .data.stack1_handle_sys_descriptor
                0x20000010        0xc ./Src/main.o
 .data.stack1_handle
                0x2000001c        0x4 ./Src/main.o
 .data.stack2_handle_sys_descriptor
                0x20000020        0xc ./Src/main.o
 .data.stack2_handle
                0x2000002c        0x4 ./Src/main.o
 *(.RamFunc)
 *(.RamFunc*)
                0x20000030                        . = ALIGN (0x4)
                0x20000030                        _edata = .

.igot.plt       0x20000030        0x0 load address 0x08001098
 .igot.plt      0x20000030        0x0 E:/STM32CubeIDE_1.17.0/STM32CubeIDE/plugins/com.st.stm32cube.ide.mcu.externaltools.gnu-tools-for-stm32.12.3.rel1.win32_1.1.0.202410251130/tools/bin/../lib/gcc/arm-none-eabi/12.3.1/thumb/v7e-m+fp/hard/crtbegin.o
                0x20000030                        . = ALIGN (0x4)

.bss            0x20000100      0x500 load address 0x08001098
                0x20000100                        _sbss = .
                0x20000100                        __bss_start__ = _sbss
 *(.bss)
 .bss           0x20000100       0x1c E:/STM32CubeIDE_1.17.0/STM32CubeIDE/plugins/com.st.stm32cube.ide.mcu.externaltools.gnu-tools-for-stm32.12.3.rel1.win32_1.1.0.202410251130/tools/bin/../lib/gcc/arm-none-eabi/12.3.1/thumb/v7e-m+fp/hard/crtbegin.o
 *(.bss*)
 .bss.os_context
                0x2000011c       0xf0 ./Src/RTOS/context.o
                0x2000011c                os_context
 *fill*         0x2000020c       0xf4 
 .bss._idle_stack_handle_sys_stack
                0x20000300      0x100 ./Src/RTOS/os_manager.o
 .bss.stack1_handle_sys_stack
                0x20000400      0x100 ./Src/main.o
 .bss.stack2_handle_sys_stack
                0x20000500      0x100 ./Src/main.o
 *(COMMON)
                0x20000600                        . = ALIGN (0x4)
                0x20000600                        _ebss = .
                0x20000600                        __bss_end__ = _ebss

._user_heap_stack
                0x20000600      0x600 load address 0x08001098
                0x20000600                        . = ALIGN (0x8)
                [!provide]                        PROVIDE (end = .)
                0x20000600                        PROVIDE (_end = .)
                0x20000800                        . = (. + _Min_Heap_Size)
 *fill*         0x20000600      0x200 
                0x20000c00                        . = (. + _Min_Stack_Size)
 *fill*         0x20000800      0x400 
                0x20000c00                        . = ALIGN (0x8)

/DISCARD/
 libc.a(*)
 libm.a(*)
 libgcc.a(*)

.ARM.attributes
                0x00000000       0x30
 *(.ARM.attributes)
 .ARM.attributes
                0x00000000       0x22 E:/STM32CubeIDE_1.17.0/STM32CubeIDE/plugins/com.st.stm32cube.ide.mcu.externaltools.gnu-tools-for-stm32.12.3.rel1.win32_1.1.0.202410251130/tools/bin/../lib/gcc/arm-none-eabi/12.3.1/thumb/v7e-m+fp/hard/crti.o
 .ARM.attributes
                0x00000022       0x34 E:/STM32CubeIDE_1.17.0/STM32CubeIDE/plugins/com.st.stm32cube.ide.mcu.externaltools.gnu-tools-for-stm32.12.3.rel1.win32_1.1.0.202410251130/tools/bin/../lib/gcc/arm-none-eabi/12.3.1/thumb/v7e-m+fp/hard/crtbegin.o
 .ARM.attributes
                0x00000056       0x34 ./Src/RTOS/Port/hardfault.o
 .ARM.attributes
                0x0000008a       0x34 ./Src/RTOS/Port/port_mpu.o
 .ARM.attributes
                0x000000be       0x34 ./Src/RTOS/Port/port_supervisor_call.o
 .ARM.attributes
                0x000000f2       0x34 ./Src/RTOS/Port/port_sys_timer.o
 .ARM.attributes
                0x00000126       0x20 ./Src/RTOS/Port/scheduler.o
 .ARM.attributes
                0x00000146       0x20 ./Src/RTOS/Port/supervisor_call_asm.o
 .ARM.attributes
                0x00000166       0x34 ./Src/RTOS/context.o
 .ARM.attributes
                0x0000019a       0x34 ./Src/RTOS/context_switch_logic.o
 .ARM.attributes
                0x000001ce       0x34 ./Src/RTOS/os_manager.o
 .ARM.attributes
                0x00000202       0x34 ./Src/RTOS/supervisor_call.o
 .ARM.attributes
                0x00000236       0x34 ./Src/RTOS/supervisor_core_functions.o
 .ARM.attributes
                0x0000026a       0x34 ./Src/main.o
 .ARM.attributes
                0x0000029e       0x34 ./Src/system_stm32f4xx.o
 .ARM.attributes
                0x000002d2       0x21 ./Startup/startup_stm32f411ceux.o
 .ARM.attributes
                0x000002f3       0x34 E:/STM32CubeIDE_1.17.0/STM32CubeIDE/plugins/com.st.stm32cube.ide.mcu.externaltools.gnu-tools-for-stm32.12.3.rel1.win32_1.1.0.202410251130/tools/bin/../lib/gcc/arm-none-eabi/12.3.1/../../../../arm-none-eabi/lib/thumb/v7e-m+fp/hard\libc_nano.a(libc_a-memset.o)
 .ARM.attributes
                0x00000327       0x34 E:/STM32CubeIDE_1.17.0/STM32CubeIDE/plugins/com.st.stm32cube.ide.mcu.externaltools.gnu-tools-for-stm32.12.3.rel1.win32_1.1.0.202410251130/tools/bin/../lib/gcc/arm-none-eabi/12.3.1/../../../../arm-none-eabi/lib/thumb/v7e-m+fp/hard\libc_nano.a(libc_a-init.o)
 .ARM.attributes
                0x0000035b       0x22 E:/STM32CubeIDE_1.17.0/STM32CubeIDE/plugins/com.st.stm32cube.ide.mcu.externaltools.gnu-tools-for-stm32.12.3.rel1.win32_1.1.0.202410251130/tools/bin/../lib/gcc/arm-none-eabi/12.3.1/thumb/v7e-m+fp/hard/crtn.o
OUTPUT(RTOS.elf elf32-littlearm)
LOAD linker stubs
LOAD E:/STM32CubeIDE_1.17.0/STM32CubeIDE/plugins/com.st.stm32cube.ide.mcu.externaltools.gnu-tools-for-stm32.12.3.rel1.win32_1.1.0.202410251130/tools/bin/../lib/gcc/arm-none-eabi/12.3.1/../../../../arm-none-eabi/lib/thumb/v7e-m+fp/hard\libc.a
LOAD E:/STM32CubeIDE_1.17.0/STM32CubeIDE/plugins/com.st.stm32cube.ide.mcu.externaltools.gnu-tools-for-stm32.12.3.rel1.win32_1.1.0.202410251130/tools/bin/../lib/gcc/arm-none-eabi/12.3.1/../../../../arm-none-eabi/lib/thumb/v7e-m+fp/hard\libm.a
LOAD E:/STM32CubeIDE_1.17.0/STM32CubeIDE/plugins/com.st.stm32cube.ide.mcu.externaltools.gnu-tools-for-stm32.12.3.rel1.win32_1.1.0.202410251130/tools/bin/../lib/gcc/arm-none-eabi/12.3.1/thumb/v7e-m+fp/hard\libgcc.a

.debug_info     0x00000000     0x3150
 .debug_info    0x00000000      0x2fe ./Src/RTOS/Port/hardfault.o
 .debug_info    0x000002fe      0x22e ./Src/RTOS/Port/port_mpu.o
 .debug_info    0x0000052c      0x159 ./Src/RTOS/Port/port_supervisor_call.o
 .debug_info    0x00000685      0x2c4 ./Src/RTOS/Port/port_sys_timer.o
 .debug_info    0x00000949       0x24 ./Src/RTOS/Port/scheduler.o
 .debug_info    0x0000096d       0x24 ./Src/RTOS/Port/supervisor_call_asm.o
 .debug_info    0x00000991      0x235 ./Src/RTOS/context.o
 .debug_info    0x00000bc6      0x39c ./Src/RTOS/context_switch_logic.o
 .debug_info    0x00000f62      0xb30 ./Src/RTOS/os_manager.o
 .debug_info    0x00001a92      0x338 ./Src/RTOS/supervisor_call.o
 .debug_info    0x00001dca      0x85e ./Src/RTOS/supervisor_core_functions.o
 .debug_info    0x00002628      0x5c1 ./Src/main.o
 .debug_info    0x00002be9      0x537 ./Src/system_stm32f4xx.o
 .debug_info    0x00003120       0x30 ./Startup/startup_stm32f411ceux.o

.debug_abbrev   0x00000000     0x1070
 .debug_abbrev  0x00000000      0x113 ./Src/RTOS/Port/hardfault.o
 .debug_abbrev  0x00000113      0x14b ./Src/RTOS/Port/port_mpu.o
 .debug_abbrev  0x0000025e       0x9e ./Src/RTOS/Port/port_supervisor_call.o
 .debug_abbrev  0x000002fc       0xea ./Src/RTOS/Port/port_sys_timer.o
 .debug_abbrev  0x000003e6       0x14 ./Src/RTOS/Port/scheduler.o
 .debug_abbrev  0x000003fa       0x14 ./Src/RTOS/Port/supervisor_call_asm.o
 .debug_abbrev  0x0000040e       0xb5 ./Src/RTOS/context.o
 .debug_abbrev  0x000004c3      0x172 ./Src/RTOS/context_switch_logic.o
 .debug_abbrev  0x00000635      0x31d ./Src/RTOS/os_manager.o
 .debug_abbrev  0x00000952      0x19c ./Src/RTOS/supervisor_call.o
 .debug_abbrev  0x00000aee      0x23c ./Src/RTOS/supervisor_core_functions.o
 .debug_abbrev  0x00000d2a      0x208 ./Src/main.o
 .debug_abbrev  0x00000f32      0x11a ./Src/system_stm32f4xx.o
 .debug_abbrev  0x0000104c       0x24 ./Startup/startup_stm32f411ceux.o

.debug_aranges  0x00000000      0x2b8
 .debug_aranges
                0x00000000       0x28 ./Src/RTOS/Port/hardfault.o
 .debug_aranges
                0x00000028       0x28 ./Src/RTOS/Port/port_mpu.o
 .debug_aranges
                0x00000050       0x20 ./Src/RTOS/Port/port_supervisor_call.o
 .debug_aranges
                0x00000070       0x30 ./Src/RTOS/Port/port_sys_timer.o
 .debug_aranges
                0x000000a0       0x20 ./Src/RTOS/Port/scheduler.o
 .debug_aranges
                0x000000c0       0x20 ./Src/RTOS/Port/supervisor_call_asm.o
 .debug_aranges
                0x000000e0       0x18 ./Src/RTOS/context.o
 .debug_aranges
                0x000000f8       0x28 ./Src/RTOS/context_switch_logic.o
 .debug_aranges
                0x00000120       0x68 ./Src/RTOS/os_manager.o
 .debug_aranges
                0x00000188       0x28 ./Src/RTOS/supervisor_call.o
 .debug_aranges
                0x000001b0       0x78 ./Src/RTOS/supervisor_core_functions.o
 .debug_aranges
                0x00000228       0x40 ./Src/main.o
 .debug_aranges
                0x00000268       0x28 ./Src/system_stm32f4xx.o
 .debug_aranges
                0x00000290       0x28 ./Startup/startup_stm32f411ceux.o

.debug_rnglists
                0x00000000      0x198
 .debug_rnglists
                0x00000000       0x19 ./Src/RTOS/Port/hardfault.o
 .debug_rnglists
                0x00000019       0x19 ./Src/RTOS/Port/port_mpu.o
 .debug_rnglists
                0x00000032       0x13 ./Src/RTOS/Port/port_supervisor_call.o
 .debug_rnglists
                0x00000045       0x1f ./Src/RTOS/Port/port_sys_timer.o
 .debug_rnglists
                0x00000064       0x19 ./Src/RTOS/context_switch_logic.o
 .debug_rnglists
                0x0000007d       0x49 ./Src/RTOS/os_manager.o
 .debug_rnglists
                0x000000c6       0x1a ./Src/RTOS/supervisor_call.o
 .debug_rnglists
                0x000000e0       0x59 ./Src/RTOS/supervisor_core_functions.o
 .debug_rnglists
                0x00000139       0x2c ./Src/main.o
 .debug_rnglists
                0x00000165       0x1a ./Src/system_stm32f4xx.o
 .debug_rnglists
                0x0000017f       0x19 ./Startup/startup_stm32f411ceux.o

.debug_macro    0x00000000     0xf941
 .debug_macro   0x00000000       0xce ./Src/RTOS/Port/hardfault.o
 .debug_macro   0x000000ce      0xac0 ./Src/RTOS/Port/hardfault.o
 .debug_macro   0x00000b8e       0x28 ./Src/RTOS/Port/hardfault.o
 .debug_macro   0x00000bb6       0x28 ./Src/RTOS/Port/hardfault.o
 .debug_macro   0x00000bde       0x22 ./Src/RTOS/Port/hardfault.o
 .debug_macro   0x00000c00       0x8e ./Src/RTOS/Port/hardfault.o
 .debug_macro   0x00000c8e       0x51 ./Src/RTOS/Port/hardfault.o
 .debug_macro   0x00000cdf      0x103 ./Src/RTOS/Port/hardfault.o
 .debug_macro   0x00000de2       0x6a ./Src/RTOS/Port/hardfault.o
 .debug_macro   0x00000e4c      0x1df ./Src/RTOS/Port/hardfault.o
 .debug_macro   0x0000102b       0x1c ./Src/RTOS/Port/hardfault.o
 .debug_macro   0x00001047       0x22 ./Src/RTOS/Port/hardfault.o
 .debug_macro   0x00001069       0xfb ./Src/RTOS/Port/hardfault.o
 .debug_macro   0x00001164     0x1011 ./Src/RTOS/Port/hardfault.o
 .debug_macro   0x00002175      0x11f ./Src/RTOS/Port/hardfault.o
 .debug_macro   0x00002294     0xb968 ./Src/RTOS/Port/hardfault.o
 .debug_macro   0x0000dbfc       0x6d ./Src/RTOS/Port/hardfault.o
 .debug_macro   0x0000dc69      0x13f ./Src/RTOS/Port/port_mpu.o
 .debug_macro   0x0000dda8      0x189 ./Src/RTOS/Port/port_mpu.o
 .debug_macro   0x0000df31       0x52 ./Src/RTOS/Port/port_mpu.o
 .debug_macro   0x0000df83       0x61 ./Src/RTOS/Port/port_mpu.o
 .debug_macro   0x0000dfe4       0x2a ./Src/RTOS/Port/port_mpu.o
 .debug_macro   0x0000e00e       0x43 ./Src/RTOS/Port/port_mpu.o
 .debug_macro   0x0000e051       0x34 ./Src/RTOS/Port/port_mpu.o
 .debug_macro   0x0000e085       0x1c ./Src/RTOS/Port/port_mpu.o
 .debug_macro   0x0000e0a1       0x63 ./Src/RTOS/Port/port_supervisor_call.o
 .debug_macro   0x0000e104       0xd8 ./Src/RTOS/Port/port_sys_timer.o
 .debug_macro   0x0000e1dc      0x1db ./Src/RTOS/context.o
 .debug_macro   0x0000e3b7       0x16 ./Src/RTOS/context.o
 .debug_macro   0x0000e3cd       0x43 ./Src/RTOS/context.o
 .debug_macro   0x0000e410       0x34 ./Src/RTOS/context.o
 .debug_macro   0x0000e444       0x10 ./Src/RTOS/context.o
 .debug_macro   0x0000e454       0x58 ./Src/RTOS/context.o
 .debug_macro   0x0000e4ac       0x8e ./Src/RTOS/context.o
 .debug_macro   0x0000e53a      0x177 ./Src/RTOS/context.o
 .debug_macro   0x0000e6b1      0x369 ./Src/RTOS/context.o
 .debug_macro   0x0000ea1a       0x10 ./Src/RTOS/context.o
 .debug_macro   0x0000ea2a       0x35 ./Src/RTOS/context.o
 .debug_macro   0x0000ea5f       0x20 ./Src/RTOS/context.o
 .debug_macro   0x0000ea7f       0x16 ./Src/RTOS/context.o
 .debug_macro   0x0000ea95       0x22 ./Src/RTOS/context.o
 .debug_macro   0x0000eab7      0x1e5 ./Src/RTOS/context_switch_logic.o
 .debug_macro   0x0000ec9c      0x25f ./Src/RTOS/os_manager.o
 .debug_macro   0x0000eefb       0x16 ./Src/RTOS/os_manager.o
 .debug_macro   0x0000ef11      0x11c ./Src/RTOS/os_manager.o
 .debug_macro   0x0000f02d       0x94 ./Src/RTOS/os_manager.o
 .debug_macro   0x0000f0c1       0x16 ./Src/RTOS/os_manager.o
 .debug_macro   0x0000f0d7       0x29 ./Src/RTOS/os_manager.o
 .debug_macro   0x0000f100       0x28 ./Src/RTOS/os_manager.o
 .debug_macro   0x0000f128       0x16 ./Src/RTOS/os_manager.o
 .debug_macro   0x0000f13e       0x16 ./Src/RTOS/os_manager.o
 .debug_macro   0x0000f154      0x25f ./Src/RTOS/supervisor_call.o
 .debug_macro   0x0000f3b3      0x25f ./Src/RTOS/supervisor_core_functions.o
 .debug_macro   0x0000f612      0x255 ./Src/main.o
 .debug_macro   0x0000f867       0xda ./Src/system_stm32f4xx.o

.debug_line     0x00000000     0x48f8
 .debug_line    0x00000000      0x513 ./Src/RTOS/Port/hardfault.o
 .debug_line    0x00000513      0x62e ./Src/RTOS/Port/port_mpu.o
 .debug_line    0x00000b41      0x422 ./Src/RTOS/Port/port_supervisor_call.o
 .debug_line    0x00000f63      0x4f5 ./Src/RTOS/Port/port_sys_timer.o
 .debug_line    0x00001458       0x53 ./Src/RTOS/Port/scheduler.o
 .debug_line    0x000014ab       0x52 ./Src/RTOS/Port/supervisor_call_asm.o
 .debug_line    0x000014fd      0x627 ./Src/RTOS/context.o
 .debug_line    0x00001b24      0x6d6 ./Src/RTOS/context_switch_logic.o
 .debug_line    0x000021fa      0x899 ./Src/RTOS/os_manager.o
 .debug_line    0x00002a93      0x75c ./Src/RTOS/supervisor_call.o
 .debug_line    0x000031ef      0x9d3 ./Src/RTOS/supervisor_core_functions.o
 .debug_line    0x00003bc2      0x7a5 ./Src/main.o
 .debug_line    0x00004367      0x516 ./Src/system_stm32f4xx.o
 .debug_line    0x0000487d       0x7b ./Startup/startup_stm32f411ceux.o

.debug_str      0x00000000    0x549c9
 .debug_str     0x00000000    0x4fd13 ./Src/RTOS/Port/hardfault.o
                              0x4fe8a (size before relaxing)
 .debug_str     0x0004fd13      0xa1a ./Src/RTOS/Port/port_mpu.o
                              0x5087b (size before relaxing)
 .debug_str     0x0005072d       0x72 ./Src/RTOS/Port/port_supervisor_call.o
                               0x3d8a (size before relaxing)
 .debug_str     0x0005079f       0xa7 ./Src/RTOS/Port/port_sys_timer.o
                              0x4fedf (size before relaxing)
 .debug_str     0x00050846       0x2b ./Src/RTOS/Port/scheduler.o
                                 0x4d (size before relaxing)
 .debug_str     0x00050871       0x27 ./Src/RTOS/Port/supervisor_call_asm.o
                                 0x57 (size before relaxing)
 .debug_str     0x00050898     0x3166 ./Src/RTOS/context.o
                              0x536b3 (size before relaxing)
 .debug_str     0x000539fe       0xd3 ./Src/RTOS/context_switch_logic.o
                              0x537c9 (size before relaxing)
 .debug_str     0x00053ad1      0xa1d ./Src/RTOS/os_manager.o
                              0x543f2 (size before relaxing)
 .debug_str     0x000544ee       0xec ./Src/RTOS/supervisor_call.o
                              0x53d46 (size before relaxing)
 .debug_str     0x000545da      0x148 ./Src/RTOS/supervisor_core_functions.o
                              0x53f97 (size before relaxing)
 .debug_str     0x00054722      0x1b6 ./Src/main.o
                              0x53e7a (size before relaxing)
 .debug_str     0x000548d8       0xc0 ./Src/system_stm32f4xx.o
                              0x4fff7 (size before relaxing)
 .debug_str     0x00054998       0x31 ./Startup/startup_stm32f411ceux.o
                                 0x61 (size before relaxing)

.comment        0x00000000       0x43
 .comment       0x00000000       0x43 ./Src/RTOS/Port/hardfault.o
                                 0x44 (size before relaxing)
 .comment       0x00000043       0x44 ./Src/RTOS/Port/port_mpu.o
 .comment       0x00000043       0x44 ./Src/RTOS/Port/port_supervisor_call.o
 .comment       0x00000043       0x44 ./Src/RTOS/Port/port_sys_timer.o
 .comment       0x00000043       0x44 ./Src/RTOS/context.o
 .comment       0x00000043       0x44 ./Src/RTOS/context_switch_logic.o
 .comment       0x00000043       0x44 ./Src/RTOS/os_manager.o
 .comment       0x00000043       0x44 ./Src/RTOS/supervisor_call.o
 .comment       0x00000043       0x44 ./Src/RTOS/supervisor_core_functions.o
 .comment       0x00000043       0x44 ./Src/main.o
 .comment       0x00000043       0x44 ./Src/system_stm32f4xx.o

.debug_frame    0x00000000      0x684
 .debug_frame   0x00000000       0x3c ./Src/RTOS/Port/hardfault.o
 .debug_frame   0x0000003c       0x58 ./Src/RTOS/Port/port_mpu.o
 .debug_frame   0x00000094       0x34 ./Src/RTOS/Port/port_supervisor_call.o
 .debug_frame   0x000000c8       0x78 ./Src/RTOS/Port/port_sys_timer.o
 .debug_frame   0x00000140       0x5c ./Src/RTOS/context_switch_logic.o
 .debug_frame   0x0000019c      0x170 ./Src/RTOS/os_manager.o
 .debug_frame   0x0000030c       0x58 ./Src/RTOS/supervisor_call.o
 .debug_frame   0x00000364      0x1d0 ./Src/RTOS/supervisor_core_functions.o
 .debug_frame   0x00000534       0xac ./Src/main.o
 .debug_frame   0x000005e0       0x58 ./Src/system_stm32f4xx.o
 .debug_frame   0x00000638       0x20 E:/STM32CubeIDE_1.17.0/STM32CubeIDE/plugins/com.st.stm32cube.ide.mcu.externaltools.gnu-tools-for-stm32.12.3.rel1.win32_1.1.0.202410251130/tools/bin/../lib/gcc/arm-none-eabi/12.3.1/../../../../arm-none-eabi/lib/thumb/v7e-m+fp/hard\libc_nano.a(libc_a-memset.o)
 .debug_frame   0x00000658       0x2c E:/STM32CubeIDE_1.17.0/STM32CubeIDE/plugins/com.st.stm32cube.ide.mcu.externaltools.gnu-tools-for-stm32.12.3.rel1.win32_1.1.0.202410251130/tools/bin/../lib/gcc/arm-none-eabi/12.3.1/../../../../arm-none-eabi/lib/thumb/v7e-m+fp/hard\libc_nano.a(libc_a-init.o)

.debug_line_str
                0x00000000       0x78
 .debug_line_str
                0x00000000       0x3f ./Src/RTOS/Port/scheduler.o
 .debug_line_str
                0x0000003f       0x16 ./Src/RTOS/Port/supervisor_call_asm.o
                                 0x49 (size before relaxing)
 .debug_line_str
                0x00000055       0x23 ./Startup/startup_stm32f411ceux.o
                                 0x45 (size before relaxing)
