../Inc/core_cm4.h:1814:22:__NVIC_SetPriority	16	static
../Src/RTOS/Port/port_functions.h:17:20:_port_fpu_start_settings	4	static,ignoring_inline_asm
../Src/RTOS/os_manager.c:14:20:_context_initialization	16	static
../Src/RTOS/os_manager.c:25:6:_idle_task	4	static,ignoring_inline_asm
../Src/RTOS/os_manager.c:35:6:OS_Initialization	8	static,ignoring_inline_asm
../Src/RTOS/os_manager.c:50:17:OS_CreateTaskStatic	24	static,ignoring_inline_asm
../Src/RTOS/os_manager.c:68:13:OS_DeleteTask	16	static,ignoring_inline_asm
../Src/RTOS/os_manager.c:84:6:OS_FPU_Settings	24	static,ignoring_inline_asm
