../Inc/core_cm4.h:1814:22:__NVIC_SetPriority	16	static
../Src/RTOS/os_manager.h:38:20:OS_Yield	4	static,ignoring_inline_asm
../Src/RTOS/os_manager.h:46:31:OS_CreateTaskStatic	24	static,ignoring_inline_asm
../Src/RTOS/os_manager.h:59:27:OS_DeleteTask	16	static,ignoring_inline_asm
../Src/RTOS/Port/port_functions.h:53:21:_port_fpu_apply_settings	4	static,ignoring_inline_asm
../Src/RTOS/Port/port_functions.h:60:22:_port_stack_init	32	static
../Src/RTOS/os_manager.c:14:20:_context_initialization	16	static
../Src/RTOS/os_manager.c:25:20:_add_to_ready_list	24	static
../Src/RTOS/os_manager.c:49:20:_remove_from_ready_list	32	static
../Src/RTOS/os_manager.c:75:25:_get_free_TCB	16	static
../Src/RTOS/os_manager.c:94:20:_add_free_TCB	24	static
../Src/RTOS/os_manager.c:106:20:_fpu_initialization	8	static
../Src/RTOS/os_manager.c:110:6:_idle_task	4	static,ignoring_inline_asm
../Src/RTOS/os_manager.c:120:6:OS_Initialization	8	static,ignoring_inline_asm
../Src/RTOS/os_manager.c:137:17:OS_CreateTaskStatic_SVC	32	static
../Src/RTOS/os_manager.c:162:13:OS_DeleteTask_SVC	24	static
