../Inc/core_cm4.h:1814:22:__NVIC_SetPriority	16	static
../Src/RTOS/os_manager.h:55:20:OS_Yield	4	static,ignoring_inline_asm
../Src/RTOS/os_manager.h:63:31:OS_CreateTaskStatic	24	static,ignoring_inline_asm
../Src/RTOS/os_manager.h:76:27:OS_DeleteTask	16	static,ignoring_inline_asm
../Src/RTOS/os_manager.c:13:20:_context_initialization	16	static
../Src/RTOS/os_manager.c:24:20:_add_to_ready_list	24	static
../Src/RTOS/os_manager.c:48:20:_remove_from_ready_list	32	static
../Src/RTOS/os_manager.c:74:25:_get_free_TCB	16	static
../Src/RTOS/os_manager.c:93:20:_add_free_TCB	24	static
../Src/RTOS/os_manager.c:105:21:_stack_init	24	static
../Src/RTOS/os_manager.c:122:6:_idle_task	4	static,ignoring_inline_asm
../Src/RTOS/os_manager.c:132:6:OS_Initialization	8	static,ignoring_inline_asm
../Src/RTOS/os_manager.c:148:17:OS_CreateTaskStatic_SVC	32	static
../Src/RTOS/os_manager.c:173:13:OS_DeleteTask_SVC	24	static
