../Src/RTOS/Port/port_functions.h:26:20:_port_fpu_mode_settings	32	static
../Src/RTOS/Port/port_functions.h:33:20:_port_PendSV_enter	4	static,ignoring_inline_asm
../Src/RTOS/Port/port_functions.h:53:21:_port_stack_init	32	static
../Src/RTOS/os_manager.h:58:20:OS_Yield	8	static
../Src/RTOS/supervisor_core_functions.c:7:20:_add_to_ready_list	24	static
../Src/RTOS/supervisor_core_functions.c:31:20:_remove_from_ready_list	32	static
../Src/RTOS/supervisor_core_functions.c:57:25:_get_free_TCB	16	static
../Src/RTOS/supervisor_core_functions.c:76:20:_add_free_TCB	24	static
../Src/RTOS/supervisor_core_functions.c:88:6:_delete_current_task	16	static
../Src/RTOS/supervisor_core_functions.c:95:17:_svc_create_task_static_handle	48	static
../Src/RTOS/supervisor_core_functions.c:123:13:_svc_delete_task_handle	24	static
../Src/RTOS/supervisor_core_functions.c:145:6:_svc_fpu_settings_handle	24	static
